Archive member included to satisfy reference by file (symbol)

c:/st/stm32cubeide_1.3.0/stm32cubeide/plugins/com.st.stm32cube.ide.mcu.externaltools.gnu-tools-for-stm32.7-2018-q2-update.win32_1.0.0.201904181610/tools/bin/../lib/gcc/arm-none-eabi/7.3.1/../../../../arm-none-eabi/lib/thumb/v7e-m/fpv4-sp/hard\libc_nano.a(lib_a-errno.o)
                              Core/Src/syscalls.o (__errno)
c:/st/stm32cubeide_1.3.0/stm32cubeide/plugins/com.st.stm32cube.ide.mcu.externaltools.gnu-tools-for-stm32.7-2018-q2-update.win32_1.0.0.201904181610/tools/bin/../lib/gcc/arm-none-eabi/7.3.1/../../../../arm-none-eabi/lib/thumb/v7e-m/fpv4-sp/hard\libc_nano.a(lib_a-exit.o)
                              c:/st/stm32cubeide_1.3.0/stm32cubeide/plugins/com.st.stm32cube.ide.mcu.externaltools.gnu-tools-for-stm32.7-2018-q2-update.win32_1.0.0.201904181610/tools/bin/../lib/gcc/arm-none-eabi/7.3.1/../../../../arm-none-eabi/lib/thumb/v7e-m/fpv4-sp/hard/crt0.o (exit)
c:/st/stm32cubeide_1.3.0/stm32cubeide/plugins/com.st.stm32cube.ide.mcu.externaltools.gnu-tools-for-stm32.7-2018-q2-update.win32_1.0.0.201904181610/tools/bin/../lib/gcc/arm-none-eabi/7.3.1/../../../../arm-none-eabi/lib/thumb/v7e-m/fpv4-sp/hard\libc_nano.a(lib_a-impure.o)
                              c:/st/stm32cubeide_1.3.0/stm32cubeide/plugins/com.st.stm32cube.ide.mcu.externaltools.gnu-tools-for-stm32.7-2018-q2-update.win32_1.0.0.201904181610/tools/bin/../lib/gcc/arm-none-eabi/7.3.1/../../../../arm-none-eabi/lib/thumb/v7e-m/fpv4-sp/hard\libc_nano.a(lib_a-exit.o) (_global_impure_ptr)
c:/st/stm32cubeide_1.3.0/stm32cubeide/plugins/com.st.stm32cube.ide.mcu.externaltools.gnu-tools-for-stm32.7-2018-q2-update.win32_1.0.0.201904181610/tools/bin/../lib/gcc/arm-none-eabi/7.3.1/../../../../arm-none-eabi/lib/thumb/v7e-m/fpv4-sp/hard\libc_nano.a(lib_a-init.o)
                              c:/st/stm32cubeide_1.3.0/stm32cubeide/plugins/com.st.stm32cube.ide.mcu.externaltools.gnu-tools-for-stm32.7-2018-q2-update.win32_1.0.0.201904181610/tools/bin/../lib/gcc/arm-none-eabi/7.3.1/../../../../arm-none-eabi/lib/thumb/v7e-m/fpv4-sp/hard/crt0.o (__libc_init_array)
c:/st/stm32cubeide_1.3.0/stm32cubeide/plugins/com.st.stm32cube.ide.mcu.externaltools.gnu-tools-for-stm32.7-2018-q2-update.win32_1.0.0.201904181610/tools/bin/../lib/gcc/arm-none-eabi/7.3.1/../../../../arm-none-eabi/lib/thumb/v7e-m/fpv4-sp/hard\libc_nano.a(lib_a-memset.o)
                              c:/st/stm32cubeide_1.3.0/stm32cubeide/plugins/com.st.stm32cube.ide.mcu.externaltools.gnu-tools-for-stm32.7-2018-q2-update.win32_1.0.0.201904181610/tools/bin/../lib/gcc/arm-none-eabi/7.3.1/../../../../arm-none-eabi/lib/thumb/v7e-m/fpv4-sp/hard/crt0.o (memset)

Allocating common symbols
Common symbol       size              file

hUsbDeviceFS        0x2c4             USB_Device/App/usb_device.o
pixels              0x4               Core/Src/main.o
hdma_tim2_ch1       0x60              Core/Src/main.o
ws2812              0x2               Core/Src/ws2812.o
htim17              0x4c              Core/Src/main.o
uwTick              0x4               Drivers/STM32G4xx_HAL_Driver/Src/stm32g4xx_hal.o
UserRxBufferFS      0x3e8             USB_Device/App/usbd_cdc_if.o
wOffset             0x1               Core/Src/main.o
UserTxBufferFS      0x3e8             USB_Device/App/usbd_cdc_if.o
numBytes            0x2               Core/Src/main.o
gOffset             0x1               Core/Src/main.o
hspi1               0x64              Core/Src/main.o
htim2               0x4c              Core/Src/main.o
hdma_spi1_rx        0x60              Core/Src/main.o
brightness          0x1               Core/Src/main.o
bOffset             0x1               Core/Src/main.o
hdma_tim17_ch1      0x60              Core/Src/main.o
hpcd_USB_FS         0x274             USB_Device/Target/usbd_conf.o
USBD_StrDesc        0x200             USB_Device/App/usbd_desc.o
hdma_spi1_tx        0x60              Core/Src/main.o
rOffset             0x1               Core/Src/main.o

Discarded input sections

 .text          0x0000000000000000        0x0 c:/st/stm32cubeide_1.3.0/stm32cubeide/plugins/com.st.stm32cube.ide.mcu.externaltools.gnu-tools-for-stm32.7-2018-q2-update.win32_1.0.0.201904181610/tools/bin/../lib/gcc/arm-none-eabi/7.3.1/thumb/v7e-m/fpv4-sp/hard/crti.o
 .data          0x0000000000000000        0x0 c:/st/stm32cubeide_1.3.0/stm32cubeide/plugins/com.st.stm32cube.ide.mcu.externaltools.gnu-tools-for-stm32.7-2018-q2-update.win32_1.0.0.201904181610/tools/bin/../lib/gcc/arm-none-eabi/7.3.1/thumb/v7e-m/fpv4-sp/hard/crti.o
 .bss           0x0000000000000000        0x0 c:/st/stm32cubeide_1.3.0/stm32cubeide/plugins/com.st.stm32cube.ide.mcu.externaltools.gnu-tools-for-stm32.7-2018-q2-update.win32_1.0.0.201904181610/tools/bin/../lib/gcc/arm-none-eabi/7.3.1/thumb/v7e-m/fpv4-sp/hard/crti.o
[...]
Memory Configuration

Name             Origin             Length             Attributes
RAM              0x0000000020000000 0x0000000000008000 xrw
FLASH            0x0000000008000000 0x0000000000020000 xr
*default*        0x0000000000000000 0xffffffffffffffff

Linker script and memory map

LOAD c:/st/stm32cubeide_1.3.0/stm32cubeide/plugins/com.st.stm32cube.ide.mcu.externaltools.gnu-tools-for-stm32.7-2018-q2-update.win32_1.0.0.201904181610/tools/bin/../lib/gcc/arm-none-eabi/7.3.1/thumb/v7e-m/fpv4-sp/hard/crti.o
LOAD c:/st/stm32cubeide_1.3.0/stm32cubeide/plugins/com.st.stm32cube.ide.mcu.externaltools.gnu-tools-for-stm32.7-2018-q2-update.win32_1.0.0.201904181610/tools/bin/../lib/gcc/arm-none-eabi/7.3.1/thumb/v7e-m/fpv4-sp/hard/crtbegin.o
LOAD c:/st/stm32cubeide_1.3.0/stm32cubeide/plugins/com.st.stm32cube.ide.mcu.externaltools.gnu-tools-for-stm32.7-2018-q2-update.win32_1.0.0.201904181610/tools/bin/../lib/gcc/arm-none-eabi/7.3.1/../../../../arm-none-eabi/lib/thumb/v7e-m/fpv4-sp/hard/crt0.o
LOAD Core/Src/main.o
LOAD Core/Src/stm32g4xx_hal_msp.o
LOAD Core/Src/stm32g4xx_it.o
LOAD Core/Src/syscalls.o
LOAD Core/Src/sysmem.o
LOAD Core/Src/system_stm32g4xx.o
LOAD Core/Src/ws2812.o
LOAD Core/Startup/startup_stm32g431cbux.o
LOAD Drivers/STM32G4xx_HAL_Driver/Src/stm32g4xx_hal.o
LOAD Drivers/STM32G4xx_HAL_Driver/Src/stm32g4xx_hal_cortex.o
LOAD Drivers/STM32G4xx_HAL_Driver/Src/stm32g4xx_hal_dma.o
LOAD Drivers/STM32G4xx_HAL_Driver/Src/stm32g4xx_hal_dma_ex.o
LOAD Drivers/STM32G4xx_HAL_Driver/Src/stm32g4xx_hal_exti.o
LOAD Drivers/STM32G4xx_HAL_Driver/Src/stm32g4xx_hal_flash.o
LOAD Drivers/STM32G4xx_HAL_Driver/Src/stm32g4xx_hal_flash_ex.o
LOAD Drivers/STM32G4xx_HAL_Driver/Src/stm32g4xx_hal_flash_ramfunc.o
LOAD Drivers/STM32G4xx_HAL_Driver/Src/stm32g4xx_hal_gpio.o
LOAD Drivers/STM32G4xx_HAL_Driver/Src/stm32g4xx_hal_pcd.o
LOAD Drivers/STM32G4xx_HAL_Driver/Src/stm32g4xx_hal_pcd_ex.o
LOAD Drivers/STM32G4xx_HAL_Driver/Src/stm32g4xx_hal_pwr.o
LOAD Drivers/STM32G4xx_HAL_Driver/Src/stm32g4xx_hal_pwr_ex.o
LOAD Drivers/STM32G4xx_HAL_Driver/Src/stm32g4xx_hal_rcc.o
LOAD Drivers/STM32G4xx_HAL_Driver/Src/stm32g4xx_hal_rcc_ex.o
LOAD Drivers/STM32G4xx_HAL_Driver/Src/stm32g4xx_hal_spi.o
LOAD Drivers/STM32G4xx_HAL_Driver/Src/stm32g4xx_hal_spi_ex.o
LOAD Drivers/STM32G4xx_HAL_Driver/Src/stm32g4xx_hal_tim.o
LOAD Drivers/STM32G4xx_HAL_Driver/Src/stm32g4xx_hal_tim_ex.o
LOAD Drivers/STM32G4xx_HAL_Driver/Src/stm32g4xx_ll_pwr.o
LOAD Drivers/STM32G4xx_HAL_Driver/Src/stm32g4xx_ll_usb.o
LOAD Middlewares/ST/STM32_USB_Device_Library/Class/CDC/Src/usbd_cdc.o
LOAD Middlewares/ST/STM32_USB_Device_Library/Core/Src/usbd_core.o
LOAD Middlewares/ST/STM32_USB_Device_Library/Core/Src/usbd_ctlreq.o
LOAD Middlewares/ST/STM32_USB_Device_Library/Core/Src/usbd_ioreq.o
LOAD USB_Device/App/usb_device.o
LOAD USB_Device/App/usbd_cdc_if.o
LOAD USB_Device/App/usbd_desc.o
LOAD USB_Device/Target/usbd_conf.o
START GROUP
LOAD c:/st/stm32cubeide_1.3.0/stm32cubeide/plugins/com.st.stm32cube.ide.mcu.externaltools.gnu-tools-for-stm32.7-2018-q2-update.win32_1.0.0.201904181610/tools/bin/../lib/gcc/arm-none-eabi/7.3.1/../../../../arm-none-eabi/lib/thumb/v7e-m/fpv4-sp/hard\libstdc++_nano.a
LOAD c:/st/stm32cubeide_1.3.0/stm32cubeide/plugins/com.st.stm32cube.ide.mcu.externaltools.gnu-tools-for-stm32.7-2018-q2-update.win32_1.0.0.201904181610/tools/bin/../lib/gcc/arm-none-eabi/7.3.1/../../../../arm-none-eabi/lib/thumb/v7e-m/fpv4-sp/hard\libsupc++_nano.a
END GROUP
LOAD c:/st/stm32cubeide_1.3.0/stm32cubeide/plugins/com.st.stm32cube.ide.mcu.externaltools.gnu-tools-for-stm32.7-2018-q2-update.win32_1.0.0.201904181610/tools/bin/../lib/gcc/arm-none-eabi/7.3.1/../../../../arm-none-eabi/lib/thumb/v7e-m/fpv4-sp/hard\libstdc++_nano.a
LOAD c:/st/stm32cubeide_1.3.0/stm32cubeide/plugins/com.st.stm32cube.ide.mcu.externaltools.gnu-tools-for-stm32.7-2018-q2-update.win32_1.0.0.201904181610/tools/bin/../lib/gcc/arm-none-eabi/7.3.1/../../../../arm-none-eabi/lib/thumb/v7e-m/fpv4-sp/hard\libm.a
LOAD c:/st/stm32cubeide_1.3.0/stm32cubeide/plugins/com.st.stm32cube.ide.mcu.externaltools.gnu-tools-for-stm32.7-2018-q2-update.win32_1.0.0.201904181610/tools/bin/../lib/gcc/arm-none-eabi/7.3.1/../../../../arm-none-eabi/lib/thumb/v7e-m/fpv4-sp/hard\libc_nano.a
START GROUP
LOAD c:/st/stm32cubeide_1.3.0/stm32cubeide/plugins/com.st.stm32cube.ide.mcu.externaltools.gnu-tools-for-stm32.7-2018-q2-update.win32_1.0.0.201904181610/tools/bin/../lib/gcc/arm-none-eabi/7.3.1/thumb/v7e-m/fpv4-sp/hard\libgcc.a
LOAD c:/st/stm32cubeide_1.3.0/stm32cubeide/plugins/com.st.stm32cube.ide.mcu.externaltools.gnu-tools-for-stm32.7-2018-q2-update.win32_1.0.0.201904181610/tools/bin/../lib/gcc/arm-none-eabi/7.3.1/../../../../arm-none-eabi/lib/thumb/v7e-m/fpv4-sp/hard\libc_nano.a
END GROUP
START GROUP
LOAD c:/st/stm32cubeide_1.3.0/stm32cubeide/plugins/com.st.stm32cube.ide.mcu.externaltools.gnu-tools-for-stm32.7-2018-q2-update.win32_1.0.0.201904181610/tools/bin/../lib/gcc/arm-none-eabi/7.3.1/thumb/v7e-m/fpv4-sp/hard\libgcc.a
LOAD c:/st/stm32cubeide_1.3.0/stm32cubeide/plugins/com.st.stm32cube.ide.mcu.externaltools.gnu-tools-for-stm32.7-2018-q2-update.win32_1.0.0.201904181610/tools/bin/../lib/gcc/arm-none-eabi/7.3.1/../../../../arm-none-eabi/lib/thumb/v7e-m/fpv4-sp/hard\libc_nano.a
LOAD c:/st/stm32cubeide_1.3.0/stm32cubeide/plugins/com.st.stm32cube.ide.mcu.externaltools.gnu-tools-for-stm32.7-2018-q2-update.win32_1.0.0.201904181610/tools/bin/../lib/gcc/arm-none-eabi/7.3.1/../../../../arm-none-eabi/lib/thumb/v7e-m/fpv4-sp/hard\libnosys.a
END GROUP
START GROUP
LOAD c:/st/stm32cubeide_1.3.0/stm32cubeide/plugins/com.st.stm32cube.ide.mcu.externaltools.gnu-tools-for-stm32.7-2018-q2-update.win32_1.0.0.201904181610/tools/bin/../lib/gcc/arm-none-eabi/7.3.1/thumb/v7e-m/fpv4-sp/hard\libgcc.a
LOAD c:/st/stm32cubeide_1.3.0/stm32cubeide/plugins/com.st.stm32cube.ide.mcu.externaltools.gnu-tools-for-stm32.7-2018-q2-update.win32_1.0.0.201904181610/tools/bin/../lib/gcc/arm-none-eabi/7.3.1/../../../../arm-none-eabi/lib/thumb/v7e-m/fpv4-sp/hard\libc_nano.a
LOAD c:/st/stm32cubeide_1.3.0/stm32cubeide/plugins/com.st.stm32cube.ide.mcu.externaltools.gnu-tools-for-stm32.7-2018-q2-update.win32_1.0.0.201904181610/tools/bin/../lib/gcc/arm-none-eabi/7.3.1/../../../../arm-none-eabi/lib/thumb/v7e-m/fpv4-sp/hard\libnosys.a
END GROUP
LOAD c:/st/stm32cubeide_1.3.0/stm32cubeide/plugins/com.st.stm32cube.ide.mcu.externaltools.gnu-tools-for-stm32.7-2018-q2-update.win32_1.0.0.201904181610/tools/bin/../lib/gcc/arm-none-eabi/7.3.1/thumb/v7e-m/fpv4-sp/hard/crtend.o
LOAD c:/st/stm32cubeide_1.3.0/stm32cubeide/plugins/com.st.stm32cube.ide.mcu.externaltools.gnu-tools-for-stm32.7-2018-q2-update.win32_1.0.0.201904181610/tools/bin/../lib/gcc/arm-none-eabi/7.3.1/thumb/v7e-m/fpv4-sp/hard/crtn.o
                0x0000000020008000                _estack = (ORIGIN (RAM) + LENGTH (RAM))
                0x0000000000000200                _Min_Heap_Size = 0x200
                0x0000000000000400                _Min_Stack_Size = 0x400

.isr_vector     0x0000000008000000      0x1d8
                0x0000000008000000                . = ALIGN (0x4)
 *(.isr_vector)
 .isr_vector    0x0000000008000000      0x1d8 Core/Startup/startup_stm32g431cbux.o
                0x0000000008000000                g_pfnVectors
                0x00000000080001d8                . = ALIGN (0x4)

.text           0x00000000080001d8     0x7e88
                0x00000000080001d8                . = ALIGN (0x4)
 *(.text)
 .text          0x00000000080001d8       0x40 c:/st/stm32cubeide_1.3.0/stm32cubeide/plugins/com.st.stm32cube.ide.mcu.externaltools.gnu-tools-for-stm32.7-2018-q2-update.win32_1.0.0.201904181610/tools/bin/../lib/gcc/arm-none-eabi/7.3.1/thumb/v7e-m/fpv4-sp/hard/crtbegin.o
 *(.text*)
 .text.main     0x0000000008000218       0xd8 Core/Src/main.o
                0x0000000008000218                main
 .text.SystemClock_Config
                0x00000000080002f0       0xca Core/Src/main.o
                0x00000000080002f0                SystemClock_Config
 *fill*         0x00000000080003ba        0x2 
 .text.MX_SPI1_Init
                0x00000000080003bc       0x7c Core/Src/main.o
 .text.MX_TIM2_Init
                0x0000000008000438       0xb0 Core/Src/main.o
 .text.MX_TIM17_Init
                0x00000000080004e8       0xf0 Core/Src/main.o
 .text.MX_DMA_Init
                0x00000000080005d8       0x9c Core/Src/main.o
 .text.MX_GPIO_Init
                0x0000000008000674       0xe0 Core/Src/main.o
 .text.millis   0x0000000008000754        0xe Core/Src/main.o
                0x0000000008000754                millis
 .text.Error_Handler
                0x0000000008000762        0xe Core/Src/main.o
                0x0000000008000762                Error_Handler
 .text.LL_PWR_DisableUCPDDeadBattery
                0x0000000008000770       0x20 Core/Src/stm32g4xx_hal_msp.o
 .text.HAL_MspInit
                0x0000000008000790       0x48 Core/Src/stm32g4xx_hal_msp.o
                0x0000000008000790                HAL_MspInit
 .text.HAL_SPI_MspInit
                0x00000000080007d8      0x180 Core/Src/stm32g4xx_hal_msp.o
                0x00000000080007d8                HAL_SPI_MspInit
 .text.HAL_TIM_PWM_MspInit
                0x0000000008000958       0x94 Core/Src/stm32g4xx_hal_msp.o
                0x0000000008000958                HAL_TIM_PWM_MspInit
 .text.HAL_TIM_Base_MspInit
                0x00000000080009ec       0x98 Core/Src/stm32g4xx_hal_msp.o
                0x00000000080009ec                HAL_TIM_Base_MspInit
 .text.HAL_TIM_MspPostInit
                0x0000000008000a84       0xb4 Core/Src/stm32g4xx_hal_msp.o
                0x0000000008000a84                HAL_TIM_MspPostInit
 .text.NMI_Handler
                0x0000000008000b38        0xe Core/Src/stm32g4xx_it.o
                0x0000000008000b38                NMI_Handler
 .text.HardFault_Handler
                0x0000000008000b46        0x6 Core/Src/stm32g4xx_it.o
                0x0000000008000b46                HardFault_Handler
 .text.MemManage_Handler
                0x0000000008000b4c        0x6 Core/Src/stm32g4xx_it.o
                0x0000000008000b4c                MemManage_Handler
 .text.BusFault_Handler
                0x0000000008000b52        0x6 Core/Src/stm32g4xx_it.o
                0x0000000008000b52                BusFault_Handler
 .text.UsageFault_Handler
                0x0000000008000b58        0x6 Core/Src/stm32g4xx_it.o
                0x0000000008000b58                UsageFault_Handler
 .text.SVC_Handler
                0x0000000008000b5e        0xe Core/Src/stm32g4xx_it.o
                0x0000000008000b5e                SVC_Handler
 .text.DebugMon_Handler
                0x0000000008000b6c        0xe Core/Src/stm32g4xx_it.o
                0x0000000008000b6c                DebugMon_Handler
 .text.PendSV_Handler
                0x0000000008000b7a        0xe Core/Src/stm32g4xx_it.o
                0x0000000008000b7a                PendSV_Handler
 .text.SysTick_Handler
                0x0000000008000b88        0xc Core/Src/stm32g4xx_it.o
                0x0000000008000b88                SysTick_Handler
 .text.DMA1_Channel1_IRQHandler
                0x0000000008000b94       0x14 Core/Src/stm32g4xx_it.o
                0x0000000008000b94                DMA1_Channel1_IRQHandler
 .text.DMA1_Channel2_IRQHandler
                0x0000000008000ba8       0x14 Core/Src/stm32g4xx_it.o
                0x0000000008000ba8                DMA1_Channel2_IRQHandler
 .text.USB_LP_IRQHandler
                0x0000000008000bbc       0x14 Core/Src/stm32g4xx_it.o
                0x0000000008000bbc                USB_LP_IRQHandler
 .text.DMA2_Channel1_IRQHandler
                0x0000000008000bd0       0x14 Core/Src/stm32g4xx_it.o
                0x0000000008000bd0                DMA2_Channel1_IRQHandler
 .text.DMA2_Channel2_IRQHandler
                0x0000000008000be4       0x14 Core/Src/stm32g4xx_it.o
                0x0000000008000be4                DMA2_Channel2_IRQHandler
 .text.SystemInit
                0x0000000008000bf8       0x2c Core/Src/system_stm32g4xx.o
                0x0000000008000bf8                SystemInit
 .text.ws2812Init
                0x0000000008000c24       0x24 Core/Src/ws2812.o
                0x0000000008000c24                ws2812Init
 .text.ws2812Begin
                0x0000000008000c48       0x60 Core/Src/ws2812.o
                0x0000000008000c48                ws2812Begin
 .text.ws2812SetColor
                0x0000000008000ca8      0x11c Core/Src/ws2812.o
                0x0000000008000ca8                ws2812SetColor
 .text.setPixelColor
                0x0000000008000dc4      0x108 Core/Src/ws2812.o
                0x0000000008000dc4                setPixelColor
 .text.gamma32  0x0000000008000ecc       0x40 Core/Src/ws2812.o
                0x0000000008000ecc                gamma32
 .text.ColorHSV
                0x0000000008000f0c      0x146 Core/Src/ws2812.o
                0x0000000008000f0c                ColorHSV
 *fill*         0x0000000008001052        0x2 
 .text.gamma8   0x0000000008001054       0x20 Core/Src/ws2812.o
                0x0000000008001054                gamma8
 .text.Reset_Handler
                0x0000000008001074       0x50 Core/Startup/startup_stm32g431cbux.o
                0x0000000008001074                Reset_Handler
 .text.Default_Handler
                0x00000000080010c4        0x2 Core/Startup/startup_stm32g431cbux.o
                0x00000000080010c4                RTC_Alarm_IRQHandler
                0x00000000080010c4                EXTI2_IRQHandler
                0x00000000080010c4                TIM8_TRG_COM_IRQHandler
                0x00000000080010c4                TIM8_CC_IRQHandler
                0x00000000080010c4                TIM1_CC_IRQHandler
                0x00000000080010c4                USB_HP_IRQHandler
                0x00000000080010c4                CORDIC_IRQHandler
                0x00000000080010c4                EXTI3_IRQHandler
                0x00000000080010c4                I2C3_ER_IRQHandler
                0x00000000080010c4                EXTI0_IRQHandler
                0x00000000080010c4                I2C2_EV_IRQHandler
                0x00000000080010c4                FPU_IRQHandler
                0x00000000080010c4                FDCAN1_IT1_IRQHandler
                0x00000000080010c4                TIM1_UP_TIM16_IRQHandler
                0x00000000080010c4                ADC1_2_IRQHandler
                0x00000000080010c4                SPI1_IRQHandler
                0x00000000080010c4                TIM6_DAC_IRQHandler
                0x00000000080010c4                TIM8_UP_IRQHandler
                0x00000000080010c4                DMA1_Channel4_IRQHandler
                0x00000000080010c4                USART3_IRQHandler
                0x00000000080010c4                TIM4_IRQHandler
                0x00000000080010c4                I2C1_EV_IRQHandler
                0x00000000080010c4                DMA1_Channel6_IRQHandler
                0x00000000080010c4                UART4_IRQHandler
                0x00000000080010c4                DMA2_Channel4_IRQHandler
                0x00000000080010c4                TIM3_IRQHandler
                0x00000000080010c4                RCC_IRQHandler
                0x00000000080010c4                Default_Handler
                0x00000000080010c4                RTC_TAMP_LSECSS_IRQHandler
                0x00000000080010c4                FMAC_IRQHandler
                0x00000000080010c4                EXTI15_10_IRQHandler
                0x00000000080010c4                TIM7_IRQHandler
                0x00000000080010c4                UCPD1_IRQHandler
                0x00000000080010c4                I2C3_EV_IRQHandler
                0x00000000080010c4                EXTI9_5_IRQHandler
                0x00000000080010c4                RTC_WKUP_IRQHandler
                0x00000000080010c4                PVD_PVM_IRQHandler
                0x00000000080010c4                SPI2_IRQHandler
                0x00000000080010c4                DMA2_Channel5_IRQHandler
                0x00000000080010c4                CRS_IRQHandler
                0x00000000080010c4                DMA1_Channel5_IRQHandler
                0x00000000080010c4                EXTI4_IRQHandler
                0x00000000080010c4                RNG_IRQHandler
                0x00000000080010c4                TIM1_TRG_COM_TIM17_IRQHandler
                0x00000000080010c4                DMA1_Channel3_IRQHandler
                0x00000000080010c4                WWDG_IRQHandler
                0x00000000080010c4                LPUART1_IRQHandler
                0x00000000080010c4                DMA2_Channel6_IRQHandler
                0x00000000080010c4                FDCAN1_IT0_IRQHandler
                0x00000000080010c4                TIM2_IRQHandler
                0x00000000080010c4                COMP1_2_3_IRQHandler
                0x00000000080010c4                EXTI1_IRQHandler
                0x00000000080010c4                USART2_IRQHandler
                0x00000000080010c4                I2C2_ER_IRQHandler
                0x00000000080010c4                TIM8_BRK_IRQHandler
                0x00000000080010c4                FLASH_IRQHandler
                0x00000000080010c4                USART1_IRQHandler
                0x00000000080010c4                SPI3_IRQHandler
                0x00000000080010c4                I2C1_ER_IRQHandler
                0x00000000080010c4                LPTIM1_IRQHandler
                0x00000000080010c4                DMAMUX_OVR_IRQHandler
                0x00000000080010c4                USBWakeUp_IRQHandler
                0x00000000080010c4                SAI1_IRQHandler
                0x00000000080010c4                DMA2_Channel3_IRQHandler
                0x00000000080010c4                COMP4_IRQHandler
                0x00000000080010c4                TIM1_BRK_TIM15_IRQHandler
 .text.HAL_Init
                0x00000000080010c6       0x30 Drivers/STM32G4xx_HAL_Driver/Src/stm32g4xx_hal.o
                0x00000000080010c6                HAL_Init
 *fill*         0x00000000080010f6        0x2 
 .text.HAL_InitTick
                0x00000000080010f8       0x74 Drivers/STM32G4xx_HAL_Driver/Src/stm32g4xx_hal.o
                0x00000000080010f8                HAL_InitTick
 .text.HAL_IncTick
                0x000000000800116c       0x24 Drivers/STM32G4xx_HAL_Driver/Src/stm32g4xx_hal.o
                0x000000000800116c                HAL_IncTick
 .text.HAL_GetTick
                0x0000000008001190       0x18 Drivers/STM32G4xx_HAL_Driver/Src/stm32g4xx_hal.o
                0x0000000008001190                HAL_GetTick
 .text.__NVIC_SetPriorityGrouping
                0x00000000080011a8       0x48 Drivers/STM32G4xx_HAL_Driver/Src/stm32g4xx_hal_cortex.o
 .text.__NVIC_GetPriorityGrouping
                0x00000000080011f0       0x1c Drivers/STM32G4xx_HAL_Driver/Src/stm32g4xx_hal_cortex.o
 .text.__NVIC_EnableIRQ
                0x000000000800120c       0x3c Drivers/STM32G4xx_HAL_Driver/Src/stm32g4xx_hal_cortex.o
 .text.__NVIC_SetPriority
                0x0000000008001248       0x54 Drivers/STM32G4xx_HAL_Driver/Src/stm32g4xx_hal_cortex.o
 .text.NVIC_EncodePriority
                0x000000000800129c       0x66 Drivers/STM32G4xx_HAL_Driver/Src/stm32g4xx_hal_cortex.o
 *fill*         0x0000000008001302        0x2 
 .text.SysTick_Config
                0x0000000008001304       0x44 Drivers/STM32G4xx_HAL_Driver/Src/stm32g4xx_hal_cortex.o
 .text.HAL_NVIC_SetPriorityGrouping
                0x0000000008001348       0x16 Drivers/STM32G4xx_HAL_Driver/Src/stm32g4xx_hal_cortex.o
                0x0000000008001348                HAL_NVIC_SetPriorityGrouping
 .text.HAL_NVIC_SetPriority
                0x000000000800135e       0x34 Drivers/STM32G4xx_HAL_Driver/Src/stm32g4xx_hal_cortex.o
                0x000000000800135e                HAL_NVIC_SetPriority
 .text.HAL_NVIC_EnableIRQ
                0x0000000008001392       0x1c Drivers/STM32G4xx_HAL_Driver/Src/stm32g4xx_hal_cortex.o
                0x0000000008001392                HAL_NVIC_EnableIRQ
 .text.HAL_SYSTICK_Config
                0x00000000080013ae       0x18 Drivers/STM32G4xx_HAL_Driver/Src/stm32g4xx_hal_cortex.o
                0x00000000080013ae                HAL_SYSTICK_Config
 *fill*         0x00000000080013c6        0x2 
 .text.HAL_DMA_Init
                0x00000000080013c8      0x150 Drivers/STM32G4xx_HAL_Driver/Src/stm32g4xx_hal_dma.o
                0x00000000080013c8                HAL_DMA_Init
 .text.HAL_DMA_Start_IT
                0x0000000008001518       0xf6 Drivers/STM32G4xx_HAL_Driver/Src/stm32g4xx_hal_dma.o
                0x0000000008001518                HAL_DMA_Start_IT
 .text.HAL_DMA_IRQHandler
                0x000000000800160e      0x15e Drivers/STM32G4xx_HAL_Driver/Src/stm32g4xx_hal_dma.o
                0x000000000800160e                HAL_DMA_IRQHandler
 .text.DMA_SetConfig
                0x000000000800176c       0x7c Drivers/STM32G4xx_HAL_Driver/Src/stm32g4xx_hal_dma.o
 .text.DMA_CalcDMAMUXChannelBaseAndMask
                0x00000000080017e8       0x7c Drivers/STM32G4xx_HAL_Driver/Src/stm32g4xx_hal_dma.o
 .text.DMA_CalcDMAMUXRequestGenBaseAndMask
                0x0000000008001864       0x48 Drivers/STM32G4xx_HAL_Driver/Src/stm32g4xx_hal_dma.o
 .text.HAL_GPIO_Init
                0x00000000080018ac      0x304 Drivers/STM32G4xx_HAL_Driver/Src/stm32g4xx_hal_gpio.o
                0x00000000080018ac                HAL_GPIO_Init
 .text.HAL_GPIO_WritePin
                0x0000000008001bb0       0x30 Drivers/STM32G4xx_HAL_Driver/Src/stm32g4xx_hal_gpio.o
                0x0000000008001bb0                HAL_GPIO_WritePin
 .text.HAL_PCD_Init
                0x0000000008001be0      0x176 Drivers/STM32G4xx_HAL_Driver/Src/stm32g4xx_hal_pcd.o
                0x0000000008001be0                HAL_PCD_Init
 .text.HAL_PCD_Start
                0x0000000008001d56       0x44 Drivers/STM32G4xx_HAL_Driver/Src/stm32g4xx_hal_pcd.o
                0x0000000008001d56                HAL_PCD_Start
 .text.HAL_PCD_IRQHandler
                0x0000000008001d9a      0x29c Drivers/STM32G4xx_HAL_Driver/Src/stm32g4xx_hal_pcd.o
                0x0000000008001d9a                HAL_PCD_IRQHandler
 .text.HAL_PCD_SetAddress
                0x0000000008002036       0x4a Drivers/STM32G4xx_HAL_Driver/Src/stm32g4xx_hal_pcd.o
                0x0000000008002036                HAL_PCD_SetAddress
 .text.HAL_PCD_EP_Open
                0x0000000008002080       0xc0 Drivers/STM32G4xx_HAL_Driver/Src/stm32g4xx_hal_pcd.o
                0x0000000008002080                HAL_PCD_EP_Open
 .text.HAL_PCD_EP_Close
                0x0000000008002140       0x84 Drivers/STM32G4xx_HAL_Driver/Src/stm32g4xx_hal_pcd.o
                0x0000000008002140                HAL_PCD_EP_Close
 .text.HAL_PCD_EP_Receive
                0x00000000080021c4       0x74 Drivers/STM32G4xx_HAL_Driver/Src/stm32g4xx_hal_pcd.o
                0x00000000080021c4                HAL_PCD_EP_Receive
 .text.HAL_PCD_EP_GetRxCount
                0x0000000008002238       0x2a Drivers/STM32G4xx_HAL_Driver/Src/stm32g4xx_hal_pcd.o
                0x0000000008002238                HAL_PCD_EP_GetRxCount
 .text.HAL_PCD_EP_Transmit
                0x0000000008002262       0x72 Drivers/STM32G4xx_HAL_Driver/Src/stm32g4xx_hal_pcd.o
                0x0000000008002262                HAL_PCD_EP_Transmit
 .text.HAL_PCD_EP_SetStall
                0x00000000080022d4       0xb4 Drivers/STM32G4xx_HAL_Driver/Src/stm32g4xx_hal_pcd.o
                0x00000000080022d4                HAL_PCD_EP_SetStall
 .text.HAL_PCD_EP_ClrStall
                0x0000000008002388       0x9c Drivers/STM32G4xx_HAL_Driver/Src/stm32g4xx_hal_pcd.o
                0x0000000008002388                HAL_PCD_EP_ClrStall
 .text.PCD_EP_ISR_Handler
                0x0000000008002424      0x518 Drivers/STM32G4xx_HAL_Driver/Src/stm32g4xx_hal_pcd.o
 .text.HAL_PCDEx_PMAConfig
                0x000000000800293c       0x7a Drivers/STM32G4xx_HAL_Driver/Src/stm32g4xx_hal_pcd_ex.o
                0x000000000800293c                HAL_PCDEx_PMAConfig
 .text.HAL_PCDEx_ActivateLPM
                0x00000000080029b6       0x54 Drivers/STM32G4xx_HAL_Driver/Src/stm32g4xx_hal_pcd_ex.o
                0x00000000080029b6                HAL_PCDEx_ActivateLPM
 *fill*         0x0000000008002a0a        0x2 
 .text.HAL_PWREx_ControlVoltageScaling
                0x0000000008002a0c      0x148 Drivers/STM32G4xx_HAL_Driver/Src/stm32g4xx_hal_pwr_ex.o
                0x0000000008002a0c                HAL_PWREx_ControlVoltageScaling
 .text.HAL_RCC_OscConfig
                0x0000000008002b54      0x630 Drivers/STM32G4xx_HAL_Driver/Src/stm32g4xx_hal_rcc.o
                0x0000000008002b54                HAL_RCC_OscConfig
 .text.HAL_RCC_ClockConfig
                0x0000000008003184      0x278 Drivers/STM32G4xx_HAL_Driver/Src/stm32g4xx_hal_rcc.o
                0x0000000008003184                HAL_RCC_ClockConfig
 .text.HAL_RCC_GetSysClockFreq
                0x00000000080033fc       0xc0 Drivers/STM32G4xx_HAL_Driver/Src/stm32g4xx_hal_rcc.o
                0x00000000080033fc                HAL_RCC_GetSysClockFreq
 .text.RCC_GetSysClockFreqFromPLLSource
                0x00000000080034bc       0x88 Drivers/STM32G4xx_HAL_Driver/Src/stm32g4xx_hal_rcc.o
 .text.HAL_RCCEx_PeriphCLKConfig
                0x0000000008003544      0x3e0 Drivers/STM32G4xx_HAL_Driver/Src/stm32g4xx_hal_rcc_ex.o
                0x0000000008003544                HAL_RCCEx_PeriphCLKConfig
 .text.HAL_SPI_Init
                0x0000000008003924      0x124 Drivers/STM32G4xx_HAL_Driver/Src/stm32g4xx_hal_spi.o
                0x0000000008003924                HAL_SPI_Init
 .text.HAL_TIM_Base_Init
                0x0000000008003a48       0xae Drivers/STM32G4xx_HAL_Driver/Src/stm32g4xx_hal_tim.o
                0x0000000008003a48                HAL_TIM_Base_Init
 .text.HAL_TIM_PWM_Init
                0x0000000008003af6       0xae Drivers/STM32G4xx_HAL_Driver/Src/stm32g4xx_hal_tim.o
                0x0000000008003af6                HAL_TIM_PWM_Init
 .text.HAL_TIM_PWM_Start_DMA
                0x0000000008003ba4      0x3c8 Drivers/STM32G4xx_HAL_Driver/Src/stm32g4xx_hal_tim.o
                0x0000000008003ba4                HAL_TIM_PWM_Start_DMA
 .text.HAL_TIM_PWM_ConfigChannel
                0x0000000008003f6c      0x220 Drivers/STM32G4xx_HAL_Driver/Src/stm32g4xx_hal_tim.o
                0x0000000008003f6c                HAL_TIM_PWM_ConfigChannel
 .text.HAL_TIM_PWM_PulseFinishedCallback
                0x000000000800418c       0x14 Drivers/STM32G4xx_HAL_Driver/Src/stm32g4xx_hal_tim.o
                0x000000000800418c                HAL_TIM_PWM_PulseFinishedCallback
 .text.HAL_TIM_PWM_PulseFinishedHalfCpltCallback
                0x00000000080041a0       0x14 Drivers/STM32G4xx_HAL_Driver/Src/stm32g4xx_hal_tim.o
                0x00000000080041a0                HAL_TIM_PWM_PulseFinishedHalfCpltCallback
 .text.HAL_TIM_ErrorCallback
                0x00000000080041b4       0x14 Drivers/STM32G4xx_HAL_Driver/Src/stm32g4xx_hal_tim.o
                0x00000000080041b4                HAL_TIM_ErrorCallback
 .text.TIM_DMAError
                0x00000000080041c8       0x92 Drivers/STM32G4xx_HAL_Driver/Src/stm32g4xx_hal_tim.o
                0x00000000080041c8                TIM_DMAError
 .text.TIM_DMADelayPulseCplt
                0x000000000800425a       0xa8 Drivers/STM32G4xx_HAL_Driver/Src/stm32g4xx_hal_tim.o
 .text.TIM_DMADelayPulseHalfCplt
                0x0000000008004302       0x68 Drivers/STM32G4xx_HAL_Driver/Src/stm32g4xx_hal_tim.o
                0x0000000008004302                TIM_DMADelayPulseHalfCplt
 *fill*         0x000000000800436a        0x2 
 .text.TIM_Base_SetConfig
                0x000000000800436c      0x120 Drivers/STM32G4xx_HAL_Driver/Src/stm32g4xx_hal_tim.o
                0x000000000800436c                TIM_Base_SetConfig
 .text.TIM_OC1_SetConfig
                0x000000000800448c      0x120 Drivers/STM32G4xx_HAL_Driver/Src/stm32g4xx_hal_tim.o
 .text.TIM_OC2_SetConfig
                0x00000000080045ac      0x114 Drivers/STM32G4xx_HAL_Driver/Src/stm32g4xx_hal_tim.o
                0x00000000080045ac                TIM_OC2_SetConfig
 .text.TIM_OC3_SetConfig
                0x00000000080046c0      0x110 Drivers/STM32G4xx_HAL_Driver/Src/stm32g4xx_hal_tim.o
 .text.TIM_OC4_SetConfig
                0x00000000080047d0      0x114 Drivers/STM32G4xx_HAL_Driver/Src/stm32g4xx_hal_tim.o
 .text.TIM_OC5_SetConfig
                0x00000000080048e4       0xc8 Drivers/STM32G4xx_HAL_Driver/Src/stm32g4xx_hal_tim.o
 .text.TIM_OC6_SetConfig
                0x00000000080049ac       0xcc Drivers/STM32G4xx_HAL_Driver/Src/stm32g4xx_hal_tim.o
 .text.TIM_CCxChannelCmd
                0x0000000008004a78       0x4a Drivers/STM32G4xx_HAL_Driver/Src/stm32g4xx_hal_tim.o
                0x0000000008004a78                TIM_CCxChannelCmd
 *fill*         0x0000000008004ac2        0x2 
 .text.HAL_TIMEx_MasterConfigSynchronization
                0x0000000008004ac4      0x104 Drivers/STM32G4xx_HAL_Driver/Src/stm32g4xx_hal_tim_ex.o
                0x0000000008004ac4                HAL_TIMEx_MasterConfigSynchronization
 .text.HAL_TIMEx_ConfigBreakDeadTime
                0x0000000008004bc8      0x140 Drivers/STM32G4xx_HAL_Driver/Src/stm32g4xx_hal_tim_ex.o
                0x0000000008004bc8                HAL_TIMEx_ConfigBreakDeadTime
 .text.USB_EnableGlobalInt
                0x0000000008004d08       0x32 Drivers/STM32G4xx_HAL_Driver/Src/stm32g4xx_ll_usb.o
                0x0000000008004d08                USB_EnableGlobalInt
 .text.USB_DisableGlobalInt
                0x0000000008004d3a       0x36 Drivers/STM32G4xx_HAL_Driver/Src/stm32g4xx_ll_usb.o
                0x0000000008004d3a                USB_DisableGlobalInt
 .text.USB_DevInit
                0x0000000008004d70       0x48 Drivers/STM32G4xx_HAL_Driver/Src/stm32g4xx_ll_usb.o
                0x0000000008004d70                USB_DevInit
 .text.USB_ActivateEndpoint
                0x0000000008004db8      0x5e0 Drivers/STM32G4xx_HAL_Driver/Src/stm32g4xx_ll_usb.o
                0x0000000008004db8                USB_ActivateEndpoint
 .text.USB_DeactivateEndpoint
                0x0000000008005398      0x32c Drivers/STM32G4xx_HAL_Driver/Src/stm32g4xx_ll_usb.o
                0x0000000008005398                USB_DeactivateEndpoint
 .text.USB_EPStartXfer
                0x00000000080056c4      0x570 Drivers/STM32G4xx_HAL_Driver/Src/stm32g4xx_ll_usb.o
                0x00000000080056c4                USB_EPStartXfer
 .text.USB_EPSetStall
                0x0000000008005c34       0x84 Drivers/STM32G4xx_HAL_Driver/Src/stm32g4xx_ll_usb.o
                0x0000000008005c34                USB_EPSetStall
 .text.USB_EPClearStall
                0x0000000008005cb8      0x128 Drivers/STM32G4xx_HAL_Driver/Src/stm32g4xx_ll_usb.o
                0x0000000008005cb8                USB_EPClearStall
 .text.USB_SetDevAddress
                0x0000000008005de0       0x28 Drivers/STM32G4xx_HAL_Driver/Src/stm32g4xx_ll_usb.o
                0x0000000008005de0                USB_SetDevAddress
 .text.USB_DevConnect
                0x0000000008005e08       0x2e Drivers/STM32G4xx_HAL_Driver/Src/stm32g4xx_ll_usb.o
                0x0000000008005e08                USB_DevConnect
 .text.USB_ReadInterrupts
                0x0000000008005e36       0x20 Drivers/STM32G4xx_HAL_Driver/Src/stm32g4xx_ll_usb.o
                0x0000000008005e36                USB_ReadInterrupts
 .text.USB_EP0_OutStart
                0x0000000008005e56       0x18 Drivers/STM32G4xx_HAL_Driver/Src/stm32g4xx_ll_usb.o
                0x0000000008005e56                USB_EP0_OutStart
 .text.USB_WritePMA
                0x0000000008005e6e       0x82 Drivers/STM32G4xx_HAL_Driver/Src/stm32g4xx_ll_usb.o
                0x0000000008005e6e                USB_WritePMA
 .text.USB_ReadPMA
                0x0000000008005ef0       0x98 Drivers/STM32G4xx_HAL_Driver/Src/stm32g4xx_ll_usb.o
                0x0000000008005ef0                USB_ReadPMA
 .text.USBD_CDC_Init
                0x0000000008005f88       0xf4 Middlewares/ST/STM32_USB_Device_Library/Class/CDC/Src/usbd_cdc.o
 .text.USBD_CDC_DeInit
                0x000000000800607c       0x6e Middlewares/ST/STM32_USB_Device_Library/Class/CDC/Src/usbd_cdc.o
 .text.USBD_CDC_Setup
                0x00000000080060ea      0x140 Middlewares/ST/STM32_USB_Device_Library/Class/CDC/Src/usbd_cdc.o
 .text.USBD_CDC_DataIn
                0x000000000800622a       0xa0 Middlewares/ST/STM32_USB_Device_Library/Class/CDC/Src/usbd_cdc.o
 .text.USBD_CDC_DataOut
                0x00000000080062ca       0x56 Middlewares/ST/STM32_USB_Device_Library/Class/CDC/Src/usbd_cdc.o
 .text.USBD_CDC_EP0_RxReady
                0x0000000008006320       0x50 Middlewares/ST/STM32_USB_Device_Library/Class/CDC/Src/usbd_cdc.o
 .text.USBD_CDC_GetFSCfgDesc
                0x0000000008006370       0x20 Middlewares/ST/STM32_USB_Device_Library/Class/CDC/Src/usbd_cdc.o
 .text.USBD_CDC_GetHSCfgDesc
                0x0000000008006390       0x20 Middlewares/ST/STM32_USB_Device_Library/Class/CDC/Src/usbd_cdc.o
 .text.USBD_CDC_GetOtherSpeedCfgDesc
                0x00000000080063b0       0x20 Middlewares/ST/STM32_USB_Device_Library/Class/CDC/Src/usbd_cdc.o
 .text.USBD_CDC_GetDeviceQualifierDescriptor
                0x00000000080063d0       0x20 Middlewares/ST/STM32_USB_Device_Library/Class/CDC/Src/usbd_cdc.o
                0x00000000080063d0                USBD_CDC_GetDeviceQualifierDescriptor
 .text.USBD_CDC_RegisterInterface
                0x00000000080063f0       0x2e Middlewares/ST/STM32_USB_Device_Library/Class/CDC/Src/usbd_cdc.o
                0x00000000080063f0                USBD_CDC_RegisterInterface
 .text.USBD_CDC_SetTxBuffer
                0x000000000800641e       0x34 Middlewares/ST/STM32_USB_Device_Library/Class/CDC/Src/usbd_cdc.o
                0x000000000800641e                USBD_CDC_SetTxBuffer
 .text.USBD_CDC_SetRxBuffer
                0x0000000008006452       0x28 Middlewares/ST/STM32_USB_Device_Library/Class/CDC/Src/usbd_cdc.o
                0x0000000008006452                USBD_CDC_SetRxBuffer
 .text.USBD_CDC_ReceivePacket
                0x000000000800647a       0x54 Middlewares/ST/STM32_USB_Device_Library/Class/CDC/Src/usbd_cdc.o
                0x000000000800647a                USBD_CDC_ReceivePacket
 .text.USBD_Init
                0x00000000080064ce       0x56 Middlewares/ST/STM32_USB_Device_Library/Core/Src/usbd_core.o
                0x00000000080064ce                USBD_Init
 .text.USBD_RegisterClass
                0x0000000008006524       0x34 Middlewares/ST/STM32_USB_Device_Library/Core/Src/usbd_core.o
                0x0000000008006524                USBD_RegisterClass
 .text.USBD_Start
                0x0000000008006558       0x18 Middlewares/ST/STM32_USB_Device_Library/Core/Src/usbd_core.o
                0x0000000008006558                USBD_Start
 .text.USBD_RunTestMode
                0x0000000008006570       0x16 Middlewares/ST/STM32_USB_Device_Library/Core/Src/usbd_core.o
                0x0000000008006570                USBD_RunTestMode
 .text.USBD_SetClassConfig
                0x0000000008006586       0x3e Middlewares/ST/STM32_USB_Device_Library/Core/Src/usbd_core.o
                0x0000000008006586                USBD_SetClassConfig
 .text.USBD_ClrClassConfig
                0x00000000080065c4       0x26 Middlewares/ST/STM32_USB_Device_Library/Core/Src/usbd_core.o
                0x00000000080065c4                USBD_ClrClassConfig
 .text.USBD_LL_SetupStage
                0x00000000080065ea       0x96 Middlewares/ST/STM32_USB_Device_Library/Core/Src/usbd_core.o
                0x00000000080065ea                USBD_LL_SetupStage
 .text.USBD_LL_DataOutStage
                0x0000000008006680       0xe2 Middlewares/ST/STM32_USB_Device_Library/Core/Src/usbd_core.o
                0x0000000008006680                USBD_LL_DataOutStage
 .text.USBD_LL_DataInStage
                0x0000000008006762      0x14a Middlewares/ST/STM32_USB_Device_Library/Core/Src/usbd_core.o
                0x0000000008006762                USBD_LL_DataInStage
 .text.USBD_LL_Reset
                0x00000000080068ac       0x82 Middlewares/ST/STM32_USB_Device_Library/Core/Src/usbd_core.o
                0x00000000080068ac                USBD_LL_Reset
 .text.USBD_LL_SetSpeed
                0x000000000800692e       0x20 Middlewares/ST/STM32_USB_Device_Library/Core/Src/usbd_core.o
                0x000000000800692e                USBD_LL_SetSpeed
 .text.USBD_LL_Suspend
                0x000000000800694e       0x2a Middlewares/ST/STM32_USB_Device_Library/Core/Src/usbd_core.o
                0x000000000800694e                USBD_LL_Suspend
 .text.USBD_LL_Resume
                0x0000000008006978       0x2c Middlewares/ST/STM32_USB_Device_Library/Core/Src/usbd_core.o
                0x0000000008006978                USBD_LL_Resume
 .text.USBD_LL_SOF
                0x00000000080069a4       0x34 Middlewares/ST/STM32_USB_Device_Library/Core/Src/usbd_core.o
                0x00000000080069a4                USBD_LL_SOF
 .text.USBD_StdDevReq
                0x00000000080069d8       0xd4 Middlewares/ST/STM32_USB_Device_Library/Core/Src/usbd_ctlreq.o
                0x00000000080069d8                USBD_StdDevReq
 .text.USBD_StdItfReq
                0x0000000008006aac       0x8c Middlewares/ST/STM32_USB_Device_Library/Core/Src/usbd_ctlreq.o
                0x0000000008006aac                USBD_StdItfReq
 .text.USBD_StdEPReq
                0x0000000008006b38      0x2ba Middlewares/ST/STM32_USB_Device_Library/Core/Src/usbd_ctlreq.o
                0x0000000008006b38                USBD_StdEPReq
 *fill*         0x0000000008006df2        0x2 
 .text.USBD_GetDescriptor
                0x0000000008006df4      0x324 Middlewares/ST/STM32_USB_Device_Library/Core/Src/usbd_ctlreq.o
 .text.USBD_SetAddress
                0x0000000008007118       0x84 Middlewares/ST/STM32_USB_Device_Library/Core/Src/usbd_ctlreq.o
 .text.USBD_SetConfig
                0x000000000800719c      0x11c Middlewares/ST/STM32_USB_Device_Library/Core/Src/usbd_ctlreq.o
 .text.USBD_GetConfig
                0x00000000080072b8       0x68 Middlewares/ST/STM32_USB_Device_Library/Core/Src/usbd_ctlreq.o
 .text.USBD_GetStatus
                0x0000000008007320       0x66 Middlewares/ST/STM32_USB_Device_Library/Core/Src/usbd_ctlreq.o
 .text.USBD_SetFeature
                0x0000000008007386       0x28 Middlewares/ST/STM32_USB_Device_Library/Core/Src/usbd_ctlreq.o
 .text.USBD_ClrFeature
                0x00000000080073ae       0x42 Middlewares/ST/STM32_USB_Device_Library/Core/Src/usbd_ctlreq.o
 .text.USBD_ParseSetupRequest
                0x00000000080073f0       0x7a Middlewares/ST/STM32_USB_Device_Library/Core/Src/usbd_ctlreq.o
                0x00000000080073f0                USBD_ParseSetupRequest
 .text.USBD_CtlError
                0x000000000800746a       0x22 Middlewares/ST/STM32_USB_Device_Library/Core/Src/usbd_ctlreq.o
                0x000000000800746a                USBD_CtlError
 .text.USBD_GetString
                0x000000000800748c       0x84 Middlewares/ST/STM32_USB_Device_Library/Core/Src/usbd_ctlreq.o
                0x000000000800748c                USBD_GetString
 .text.USBD_GetLen
                0x0000000008007510       0x30 Middlewares/ST/STM32_USB_Device_Library/Core/Src/usbd_ctlreq.o
 .text.USBD_CtlSendData
                0x0000000008007540       0x38 Middlewares/ST/STM32_USB_Device_Library/Core/Src/usbd_ioreq.o
                0x0000000008007540                USBD_CtlSendData
 .text.USBD_CtlContinueSendData
                0x0000000008007578       0x24 Middlewares/ST/STM32_USB_Device_Library/Core/Src/usbd_ioreq.o
                0x0000000008007578                USBD_CtlContinueSendData
 .text.USBD_CtlPrepareRx
                0x000000000800759c       0x3c Middlewares/ST/STM32_USB_Device_Library/Core/Src/usbd_ioreq.o
                0x000000000800759c                USBD_CtlPrepareRx
 .text.USBD_CtlContinueRx
                0x00000000080075d8       0x24 Middlewares/ST/STM32_USB_Device_Library/Core/Src/usbd_ioreq.o
                0x00000000080075d8                USBD_CtlContinueRx
 .text.USBD_CtlSendStatus
                0x00000000080075fc       0x26 Middlewares/ST/STM32_USB_Device_Library/Core/Src/usbd_ioreq.o
                0x00000000080075fc                USBD_CtlSendStatus
 .text.USBD_CtlReceiveStatus
                0x0000000008007622       0x26 Middlewares/ST/STM32_USB_Device_Library/Core/Src/usbd_ioreq.o
                0x0000000008007622                USBD_CtlReceiveStatus
 .text.MX_USB_Device_Init
                0x0000000008007648       0x60 USB_Device/App/usb_device.o
                0x0000000008007648                MX_USB_Device_Init
 .text.CDC_Init_FS
                0x00000000080076a8       0x28 USB_Device/App/usbd_cdc_if.o
 .text.CDC_DeInit_FS
                0x00000000080076d0       0x10 USB_Device/App/usbd_cdc_if.o
 .text.CDC_Control_FS
                0x00000000080076e0       0xbc USB_Device/App/usbd_cdc_if.o
 .text.CDC_Receive_FS
                0x000000000800779c       0x28 USB_Device/App/usbd_cdc_if.o
 .text.USBD_CDC_DeviceDescriptor
                0x00000000080077c4       0x24 USB_Device/App/usbd_desc.o
                0x00000000080077c4                USBD_CDC_DeviceDescriptor
 .text.USBD_CDC_LangIDStrDescriptor
                0x00000000080077e8       0x24 USB_Device/App/usbd_desc.o
                0x00000000080077e8                USBD_CDC_LangIDStrDescriptor
 .text.USBD_CDC_ProductStrDescriptor
                0x000000000800780c       0x3c USB_Device/App/usbd_desc.o
                0x000000000800780c                USBD_CDC_ProductStrDescriptor
 .text.USBD_CDC_ManufacturerStrDescriptor
                0x0000000008007848       0x28 USB_Device/App/usbd_desc.o
                0x0000000008007848                USBD_CDC_ManufacturerStrDescriptor
 .text.USBD_CDC_SerialStrDescriptor
                0x0000000008007870       0x24 USB_Device/App/usbd_desc.o
                0x0000000008007870                USBD_CDC_SerialStrDescriptor
 .text.USBD_CDC_ConfigStrDescriptor
                0x0000000008007894       0x3c USB_Device/App/usbd_desc.o
                0x0000000008007894                USBD_CDC_ConfigStrDescriptor
 .text.USBD_CDC_InterfaceStrDescriptor
                0x00000000080078d0       0x3c USB_Device/App/usbd_desc.o
                0x00000000080078d0                USBD_CDC_InterfaceStrDescriptor
 .text.Get_SerialNum
                0x000000000800790c       0x58 USB_Device/App/usbd_desc.o
 .text.IntToUnicode
                0x0000000008007964       0x7c USB_Device/App/usbd_desc.o
 .text.HAL_PCD_MspInit
                0x00000000080079e0       0x90 USB_Device/Target/usbd_conf.o
                0x00000000080079e0                HAL_PCD_MspInit
 .text.HAL_PCD_SetupStageCallback
                0x0000000008007a70       0x24 USB_Device/Target/usbd_conf.o
                0x0000000008007a70                HAL_PCD_SetupStageCallback
 .text.HAL_PCD_DataOutStageCallback
                0x0000000008007a94       0x30 USB_Device/Target/usbd_conf.o
                0x0000000008007a94                HAL_PCD_DataOutStageCallback
 .text.HAL_PCD_DataInStageCallback
                0x0000000008007ac4       0x2e USB_Device/Target/usbd_conf.o
                0x0000000008007ac4                HAL_PCD_DataInStageCallback
 .text.HAL_PCD_SOFCallback
                0x0000000008007af2       0x1c USB_Device/Target/usbd_conf.o
                0x0000000008007af2                HAL_PCD_SOFCallback
 .text.HAL_PCD_ResetCallback
                0x0000000008007b0e       0x3c USB_Device/Target/usbd_conf.o
                0x0000000008007b0e                HAL_PCD_ResetCallback
 *fill*         0x0000000008007b4a        0x2 
 .text.HAL_PCD_SuspendCallback
                0x0000000008007b4c       0x34 USB_Device/Target/usbd_conf.o
                0x0000000008007b4c                HAL_PCD_SuspendCallback
 .text.HAL_PCD_ResumeCallback
                0x0000000008007b80       0x38 USB_Device/Target/usbd_conf.o
                0x0000000008007b80                HAL_PCD_ResumeCallback
 .text.USBD_LL_Init
                0x0000000008007bb8       0xc0 USB_Device/Target/usbd_conf.o
                0x0000000008007bb8                USBD_LL_Init
 .text.USBD_LL_Start
                0x0000000008007c78       0x36 USB_Device/Target/usbd_conf.o
                0x0000000008007c78                USBD_LL_Start
 .text.USBD_LL_OpenEP
                0x0000000008007cae       0x4c USB_Device/Target/usbd_conf.o
                0x0000000008007cae                USBD_LL_OpenEP
 .text.USBD_LL_CloseEP
                0x0000000008007cfa       0x3e USB_Device/Target/usbd_conf.o
                0x0000000008007cfa                USBD_LL_CloseEP
 .text.USBD_LL_StallEP
                0x0000000008007d38       0x3e USB_Device/Target/usbd_conf.o
                0x0000000008007d38                USBD_LL_StallEP
 .text.USBD_LL_ClearStallEP
                0x0000000008007d76       0x3e USB_Device/Target/usbd_conf.o
                0x0000000008007d76                USBD_LL_ClearStallEP
 .text.USBD_LL_IsStallEP
                0x0000000008007db4       0x4c USB_Device/Target/usbd_conf.o
                0x0000000008007db4                USBD_LL_IsStallEP
 .text.USBD_LL_SetUSBAddress
                0x0000000008007e00       0x3e USB_Device/Target/usbd_conf.o
                0x0000000008007e00                USBD_LL_SetUSBAddress
 .text.USBD_LL_Transmit
                0x0000000008007e3e       0x46 USB_Device/Target/usbd_conf.o
                0x0000000008007e3e                USBD_LL_Transmit
 .text.USBD_LL_PrepareReceive
                0x0000000008007e84       0x46 USB_Device/Target/usbd_conf.o
                0x0000000008007e84                USBD_LL_PrepareReceive
 .text.USBD_LL_GetRxDataSize
                0x0000000008007eca       0x26 USB_Device/Target/usbd_conf.o
                0x0000000008007eca                USBD_LL_GetRxDataSize
 .text.HAL_PCDEx_LPM_Callback
                0x0000000008007ef0       0x6c USB_Device/Target/usbd_conf.o
                0x0000000008007ef0                HAL_PCDEx_LPM_Callback
 .text.USBD_static_malloc
                0x0000000008007f5c       0x1c USB_Device/Target/usbd_conf.o
                0x0000000008007f5c                USBD_static_malloc
 .text.USBD_static_free
                0x0000000008007f78       0x14 USB_Device/Target/usbd_conf.o
                0x0000000008007f78                USBD_static_free
 .text.SystemClockConfig_Resume
                0x0000000008007f8c        0xc USB_Device/Target/usbd_conf.o
 .text.USBD_Get_USB_Status
                0x0000000008007f98       0x58 USB_Device/Target/usbd_conf.o
 .text.__libc_init_array
                0x0000000008007ff0       0x48 c:/st/stm32cubeide_1.3.0/stm32cubeide/plugins/com.st.stm32cube.ide.mcu.externaltools.gnu-tools-for-stm32.7-2018-q2-update.win32_1.0.0.201904181610/tools/bin/../lib/gcc/arm-none-eabi/7.3.1/../../../../arm-none-eabi/lib/thumb/v7e-m/fpv4-sp/hard\libc_nano.a(lib_a-init.o)
                0x0000000008007ff0                __libc_init_array
 .text.memset   0x0000000008008038       0x10 c:/st/stm32cubeide_1.3.0/stm32cubeide/plugins/com.st.stm32cube.ide.mcu.externaltools.gnu-tools-for-stm32.7-2018-q2-update.win32_1.0.0.201904181610/tools/bin/../lib/gcc/arm-none-eabi/7.3.1/../../../../arm-none-eabi/lib/thumb/v7e-m/fpv4-sp/hard\libc_nano.a(lib_a-memset.o)
                0x0000000008008038                memset
 *(.glue_7)
 .glue_7        0x0000000008008048        0x0 linker stubs
 *(.glue_7t)
 .glue_7t       0x0000000008008048        0x0 linker stubs
 *(.eh_frame)
 .eh_frame      0x0000000008008048        0x0 c:/st/stm32cubeide_1.3.0/stm32cubeide/plugins/com.st.stm32cube.ide.mcu.externaltools.gnu-tools-for-stm32.7-2018-q2-update.win32_1.0.0.201904181610/tools/bin/../lib/gcc/arm-none-eabi/7.3.1/thumb/v7e-m/fpv4-sp/hard/crtbegin.o
 *(.init)
 .init          0x0000000008008048        0x4 c:/st/stm32cubeide_1.3.0/stm32cubeide/plugins/com.st.stm32cube.ide.mcu.externaltools.gnu-tools-for-stm32.7-2018-q2-update.win32_1.0.0.201904181610/tools/bin/../lib/gcc/arm-none-eabi/7.3.1/thumb/v7e-m/fpv4-sp/hard/crti.o
                0x0000000008008048                _init
 .init          0x000000000800804c        0x8 c:/st/stm32cubeide_1.3.0/stm32cubeide/plugins/com.st.stm32cube.ide.mcu.externaltools.gnu-tools-for-stm32.7-2018-q2-update.win32_1.0.0.201904181610/tools/bin/../lib/gcc/arm-none-eabi/7.3.1/thumb/v7e-m/fpv4-sp/hard/crtn.o
 *(.fini)
 .fini          0x0000000008008054        0x4 c:/st/stm32cubeide_1.3.0/stm32cubeide/plugins/com.st.stm32cube.ide.mcu.externaltools.gnu-tools-for-stm32.7-2018-q2-update.win32_1.0.0.201904181610/tools/bin/../lib/gcc/arm-none-eabi/7.3.1/thumb/v7e-m/fpv4-sp/hard/crti.o
                0x0000000008008054                _fini
 .fini          0x0000000008008058        0x8 c:/st/stm32cubeide_1.3.0/stm32cubeide/plugins/com.st.stm32cube.ide.mcu.externaltools.gnu-tools-for-stm32.7-2018-q2-update.win32_1.0.0.201904181610/tools/bin/../lib/gcc/arm-none-eabi/7.3.1/thumb/v7e-m/fpv4-sp/hard/crtn.o
                0x0000000008008060                . = ALIGN (0x4)
                0x0000000008008060                _etext = .

.vfp11_veneer   0x0000000008008060        0x0
 .vfp11_veneer  0x0000000008008060        0x0 linker stubs

.v4_bx          0x0000000008008060        0x0
 .v4_bx         0x0000000008008060        0x0 linker stubs

.iplt           0x0000000008008060        0x0
 .iplt          0x0000000008008060        0x0 c:/st/stm32cubeide_1.3.0/stm32cubeide/plugins/com.st.stm32cube.ide.mcu.externaltools.gnu-tools-for-stm32.7-2018-q2-update.win32_1.0.0.201904181610/tools/bin/../lib/gcc/arm-none-eabi/7.3.1/thumb/v7e-m/fpv4-sp/hard/crtbegin.o

.rodata         0x0000000008008060      0x158
                0x0000000008008060                . = ALIGN (0x4)
 *(.rodata)
 .rodata        0x0000000008008060       0x46 USB_Device/App/usbd_desc.o
 *(.rodata*)
 *fill*         0x00000000080080a6        0x2 
 .rodata.AHBPrescTable
                0x00000000080080a8       0x10 Core/Src/system_stm32g4xx.o
                0x00000000080080a8                AHBPrescTable
 .rodata._NeoPixelGammaTable
                0x00000000080080b8      0x100 Core/Src/ws2812.o
                0x00000000080081b8                . = ALIGN (0x4)

.rel.dyn        0x00000000080081b8        0x0
 .rel.iplt      0x00000000080081b8        0x0 c:/st/stm32cubeide_1.3.0/stm32cubeide/plugins/com.st.stm32cube.ide.mcu.externaltools.gnu-tools-for-stm32.7-2018-q2-update.win32_1.0.0.201904181610/tools/bin/../lib/gcc/arm-none-eabi/7.3.1/thumb/v7e-m/fpv4-sp/hard/crtbegin.o

.ARM.extab      0x00000000080081b8        0x0
                0x00000000080081b8                . = ALIGN (0x4)
 *(.ARM.extab* .gnu.linkonce.armextab.*)
                0x00000000080081b8                . = ALIGN (0x4)

.ARM            0x00000000080081b8        0x0
                0x00000000080081b8                . = ALIGN (0x4)
                0x00000000080081b8                __exidx_start = .
 *(.ARM.exidx*)
                0x00000000080081b8                __exidx_end = .
                0x00000000080081b8                . = ALIGN (0x4)

.preinit_array  0x00000000080081b8        0x0
                0x00000000080081b8                . = ALIGN (0x4)
                0x00000000080081b8                PROVIDE (__preinit_array_start = .)
 *(.preinit_array*)
                0x00000000080081b8                PROVIDE (__preinit_array_end = .)
                0x00000000080081b8                . = ALIGN (0x4)

.init_array     0x00000000080081b8        0x4
                0x00000000080081b8                . = ALIGN (0x4)
                0x00000000080081b8                PROVIDE (__init_array_start = .)
 *(SORT_BY_NAME(.init_array.*))
 *(.init_array*)
 .init_array    0x00000000080081b8        0x4 c:/st/stm32cubeide_1.3.0/stm32cubeide/plugins/com.st.stm32cube.ide.mcu.externaltools.gnu-tools-for-stm32.7-2018-q2-update.win32_1.0.0.201904181610/tools/bin/../lib/gcc/arm-none-eabi/7.3.1/thumb/v7e-m/fpv4-sp/hard/crtbegin.o
                0x00000000080081bc                PROVIDE (__init_array_end = .)
                0x00000000080081bc                . = ALIGN (0x4)

.fini_array     0x00000000080081bc        0x4
                0x00000000080081bc                . = ALIGN (0x4)
                [!provide]                        PROVIDE (__fini_array_start = .)
 *(SORT_BY_NAME(.fini_array.*))
 *(.fini_array*)
 .fini_array    0x00000000080081bc        0x4 c:/st/stm32cubeide_1.3.0/stm32cubeide/plugins/com.st.stm32cube.ide.mcu.externaltools.gnu-tools-for-stm32.7-2018-q2-update.win32_1.0.0.201904181610/tools/bin/../lib/gcc/arm-none-eabi/7.3.1/thumb/v7e-m/fpv4-sp/hard/crtbegin.o
                [!provide]                        PROVIDE (__fini_array_end = .)
                0x00000000080081c0                . = ALIGN (0x4)
                0x00000000080081c0                _sidata = LOADADDR (.data)

.data           0x0000000020000000      0x180 load address 0x00000000080081c0
                0x0000000020000000                . = ALIGN (0x4)
                0x0000000020000000                _sdata = .
 *(.data)
 *(.data*)
 .data.SystemCoreClock
                0x0000000020000000        0x4 Core/Src/system_stm32g4xx.o
                0x0000000020000000                SystemCoreClock
 .data.uwTickPrio
                0x0000000020000004        0x4 Drivers/STM32G4xx_HAL_Driver/Src/stm32g4xx_hal.o
                0x0000000020000004                uwTickPrio
 .data.uwTickFreq
                0x0000000020000008        0x4 Drivers/STM32G4xx_HAL_Driver/Src/stm32g4xx_hal.o
                0x0000000020000008                uwTickFreq
 .data.USBD_CDC_DeviceQualifierDesc
                0x000000002000000c        0xa Middlewares/ST/STM32_USB_Device_Library/Class/CDC/Src/usbd_cdc.o
 *fill*         0x0000000020000016        0x2 
 .data.USBD_CDC
                0x0000000020000018       0x38 Middlewares/ST/STM32_USB_Device_Library/Class/CDC/Src/usbd_cdc.o
                0x0000000020000018                USBD_CDC
 .data.USBD_CDC_CfgHSDesc
                0x0000000020000050       0x43 Middlewares/ST/STM32_USB_Device_Library/Class/CDC/Src/usbd_cdc.o
                0x0000000020000050                USBD_CDC_CfgHSDesc
 *fill*         0x0000000020000093        0x1 
 .data.USBD_CDC_CfgFSDesc
                0x0000000020000094       0x43 Middlewares/ST/STM32_USB_Device_Library/Class/CDC/Src/usbd_cdc.o
                0x0000000020000094                USBD_CDC_CfgFSDesc
 *fill*         0x00000000200000d7        0x1 
 .data.USBD_CDC_OtherSpeedCfgDesc
                0x00000000200000d8       0x43 Middlewares/ST/STM32_USB_Device_Library/Class/CDC/Src/usbd_cdc.o
                0x00000000200000d8                USBD_CDC_OtherSpeedCfgDesc
 *fill*         0x000000002000011b        0x1 
 .data.USBD_Interface_fops_FS
                0x000000002000011c       0x10 USB_Device/App/usbd_cdc_if.o
                0x000000002000011c                USBD_Interface_fops_FS
 .data.CDC_Desc
                0x000000002000012c       0x20 USB_Device/App/usbd_desc.o
                0x000000002000012c                CDC_Desc
 .data.USBD_CDC_DeviceDesc
                0x000000002000014c       0x12 USB_Device/App/usbd_desc.o
                0x000000002000014c                USBD_CDC_DeviceDesc
 *fill*         0x000000002000015e        0x2 
 .data.USBD_LangIDDesc
                0x0000000020000160        0x4 USB_Device/App/usbd_desc.o
                0x0000000020000160                USBD_LangIDDesc
 .data.USBD_StringSerial
                0x0000000020000164       0x1a USB_Device/App/usbd_desc.o
                0x0000000020000164                USBD_StringSerial
                0x0000000020000180                . = ALIGN (0x4)
 *fill*         0x000000002000017e        0x2 
                0x0000000020000180                _edata = .

.igot.plt       0x0000000020000180        0x0 load address 0x0000000008008340
 .igot.plt      0x0000000020000180        0x0 c:/st/stm32cubeide_1.3.0/stm32cubeide/plugins/com.st.stm32cube.ide.mcu.externaltools.gnu-tools-for-stm32.7-2018-q2-update.win32_1.0.0.201904181610/tools/bin/../lib/gcc/arm-none-eabi/7.3.1/thumb/v7e-m/fpv4-sp/hard/crtbegin.o
                0x0000000020000180                . = ALIGN (0x4)

.bss            0x0000000020000180     0x1a14 load address 0x0000000008008340
                0x0000000020000180                _sbss = .
                0x0000000020000180                __bss_start__ = _sbss
 *(.bss)
 .bss           0x0000000020000180       0x1c c:/st/stm32cubeide_1.3.0/stm32cubeide/plugins/com.st.stm32cube.ide.mcu.externaltools.gnu-tools-for-stm32.7-2018-q2-update.win32_1.0.0.201904181610/tools/bin/../lib/gcc/arm-none-eabi/7.3.1/thumb/v7e-m/fpv4-sp/hard/crtbegin.o
 *(.bss*)
 .bss.is_init   0x000000002000019c        0x4 Core/Src/ws2812.o
                0x000000002000019c                is_init
 .bss.led_buf   0x00000000200001a0      0x632 Core/Src/ws2812.o
 .bss.cfgidx.10548
                0x00000000200007d2        0x1 Middlewares/ST/STM32_USB_Device_Library/Core/Src/usbd_ctlreq.o
 *fill*         0x00000000200007d3        0x1 
 .bss.mem.10625
                0x00000000200007d4      0x220 USB_Device/Target/usbd_conf.o
 *(COMMON)
 COMMON         0x00000000200009f4      0x28d Core/Src/main.o
                0x00000000200009f4                pixels
                0x00000000200009f8                hdma_tim2_ch1
                0x0000000020000a58                htim17
                0x0000000020000aa4                wOffset
                0x0000000020000aa6                numBytes
                0x0000000020000aa8                gOffset
                0x0000000020000aac                hspi1
                0x0000000020000b10                htim2
                0x0000000020000b5c                hdma_spi1_rx
                0x0000000020000bbc                brightness
                0x0000000020000bbd                bOffset
                0x0000000020000bc0                hdma_tim17_ch1
                0x0000000020000c20                hdma_spi1_tx
                0x0000000020000c80                rOffset
 *fill*         0x0000000020000c81        0x3 
 COMMON         0x0000000020000c84        0x2 Core/Src/ws2812.o
                0x0000000020000c84                ws2812
 *fill*         0x0000000020000c86        0x2 
 COMMON         0x0000000020000c88        0x4 Drivers/STM32G4xx_HAL_Driver/Src/stm32g4xx_hal.o
                0x0000000020000c88                uwTick
 COMMON         0x0000000020000c8c      0x2c4 USB_Device/App/usb_device.o
                0x0000000020000c8c                hUsbDeviceFS
 COMMON         0x0000000020000f50      0x7d0 USB_Device/App/usbd_cdc_if.o
                0x0000000020000f50                UserRxBufferFS
                0x0000000020001338                UserTxBufferFS
 COMMON         0x0000000020001720      0x200 USB_Device/App/usbd_desc.o
                0x0000000020001720                USBD_StrDesc
 COMMON         0x0000000020001920      0x274 USB_Device/Target/usbd_conf.o
                0x0000000020001920                hpcd_USB_FS
                0x0000000020001b94                . = ALIGN (0x4)
                0x0000000020001b94                _ebss = .
                0x0000000020001b94                __bss_end__ = _ebss

._user_heap_stack
                0x0000000020001b94      0x604 load address 0x0000000008008340
                0x0000000020001b98                . = ALIGN (0x8)
 *fill*         0x0000000020001b94        0x4 
                0x0000000020001b98                PROVIDE (end = .)
                [!provide]                        PROVIDE (_end = .)
                0x0000000020001d98                . = (. + _Min_Heap_Size)
 *fill*         0x0000000020001b98      0x200 
                0x0000000020002198                . = (. + _Min_Stack_Size)
 *fill*         0x0000000020001d98      0x400 
                0x0000000020002198                . = ALIGN (0x8)

/DISCARD/
 libc.a(*)
 libm.a(*)
 libgcc.a(*)

.ARM.attributes
                0x0000000000000000       0x30
 *(.ARM.attributes)
 .ARM.attributes
                0x0000000000000000       0x22 c:/st/stm32cubeide_1.3.0/stm32cubeide/plugins/com.st.stm32cube.ide.mcu.externaltools.gnu-tools-for-stm32.7-2018-q2-update.win32_1.0.0.201904181610/tools/bin/../lib/gcc/arm-none-eabi/7.3.1/thumb/v7e-m/fpv4-sp/hard/crti.o
 .ARM.attributes
                0x0000000000000022       0x34 c:/st/stm32cubeide_1.3.0/stm32cubeide/plugins/com.st.stm32cube.ide.mcu.externaltools.gnu-tools-for-stm32.7-2018-q2-update.win32_1.0.0.201904181610/tools/bin/../lib/gcc/arm-none-eabi/7.3.1/thumb/v7e-m/fpv4-sp/hard/crtbegin.o
 .ARM.attributes
                0x0000000000000056       0x39 Core/Src/main.o
 .ARM.attributes
                0x000000000000008f       0x39 Core/Src/stm32g4xx_hal_msp.o
 .ARM.attributes
                0x00000000000000c8       0x39 Core/Src/stm32g4xx_it.o
 .ARM.attributes
                0x0000000000000101       0x39 Core/Src/system_stm32g4xx.o
 .ARM.attributes
                0x000000000000013a       0x39 Core/Src/ws2812.o
 .ARM.attributes
                0x0000000000000173       0x21 Core/Startup/startup_stm32g431cbux.o
 .ARM.attributes
                0x0000000000000194       0x39 Drivers/STM32G4xx_HAL_Driver/Src/stm32g4xx_hal.o
 .ARM.attributes
                0x00000000000001cd       0x39 Drivers/STM32G4xx_HAL_Driver/Src/stm32g4xx_hal_cortex.o
 .ARM.attributes
                0x0000000000000206       0x39 Drivers/STM32G4xx_HAL_Driver/Src/stm32g4xx_hal_dma.o
 .ARM.attributes
                0x000000000000023f       0x39 Drivers/STM32G4xx_HAL_Driver/Src/stm32g4xx_hal_gpio.o
 .ARM.attributes
                0x0000000000000278       0x39 Drivers/STM32G4xx_HAL_Driver/Src/stm32g4xx_hal_pcd.o
 .ARM.attributes
                0x00000000000002b1       0x39 Drivers/STM32G4xx_HAL_Driver/Src/stm32g4xx_hal_pcd_ex.o
 .ARM.attributes
                0x00000000000002ea       0x39 Drivers/STM32G4xx_HAL_Driver/Src/stm32g4xx_hal_pwr_ex.o
 .ARM.attributes
                0x0000000000000323       0x39 Drivers/STM32G4xx_HAL_Driver/Src/stm32g4xx_hal_rcc.o
 .ARM.attributes
                0x000000000000035c       0x39 Drivers/STM32G4xx_HAL_Driver/Src/stm32g4xx_hal_rcc_ex.o
 .ARM.attributes
                0x0000000000000395       0x39 Drivers/STM32G4xx_HAL_Driver/Src/stm32g4xx_hal_spi.o
 .ARM.attributes
                0x00000000000003ce       0x39 Drivers/STM32G4xx_HAL_Driver/Src/stm32g4xx_hal_tim.o
 .ARM.attributes
                0x0000000000000407       0x39 Drivers/STM32G4xx_HAL_Driver/Src/stm32g4xx_hal_tim_ex.o
 .ARM.attributes
                0x0000000000000440       0x39 Drivers/STM32G4xx_HAL_Driver/Src/stm32g4xx_ll_usb.o
 .ARM.attributes
                0x0000000000000479       0x39 Middlewares/ST/STM32_USB_Device_Library/Class/CDC/Src/usbd_cdc.o
 .ARM.attributes
                0x00000000000004b2       0x39 Middlewares/ST/STM32_USB_Device_Library/Core/Src/usbd_core.o
 .ARM.attributes
                0x00000000000004eb       0x39 Middlewares/ST/STM32_USB_Device_Library/Core/Src/usbd_ctlreq.o
 .ARM.attributes
                0x0000000000000524       0x39 Middlewares/ST/STM32_USB_Device_Library/Core/Src/usbd_ioreq.o
 .ARM.attributes
                0x000000000000055d       0x39 USB_Device/App/usb_device.o
 .ARM.attributes
                0x0000000000000596       0x39 USB_Device/App/usbd_cdc_if.o
 .ARM.attributes
                0x00000000000005cf       0x39 USB_Device/App/usbd_desc.o
 .ARM.attributes
                0x0000000000000608       0x39 USB_Device/Target/usbd_conf.o
 .ARM.attributes
                0x0000000000000641       0x34 c:/st/stm32cubeide_1.3.0/stm32cubeide/plugins/com.st.stm32cube.ide.mcu.externaltools.gnu-tools-for-stm32.7-2018-q2-update.win32_1.0.0.201904181610/tools/bin/../lib/gcc/arm-none-eabi/7.3.1/../../../../arm-none-eabi/lib/thumb/v7e-m/fpv4-sp/hard\libc_nano.a(lib_a-init.o)
 .ARM.attributes
                0x0000000000000675       0x34 c:/st/stm32cubeide_1.3.0/stm32cubeide/plugins/com.st.stm32cube.ide.mcu.externaltools.gnu-tools-for-stm32.7-2018-q2-update.win32_1.0.0.201904181610/tools/bin/../lib/gcc/arm-none-eabi/7.3.1/../../../../arm-none-eabi/lib/thumb/v7e-m/fpv4-sp/hard\libc_nano.a(lib_a-memset.o)
 .ARM.attributes
                0x00000000000006a9       0x22 c:/st/stm32cubeide_1.3.0/stm32cubeide/plugins/com.st.stm32cube.ide.mcu.externaltools.gnu-tools-for-stm32.7-2018-q2-update.win32_1.0.0.201904181610/tools/bin/../lib/gcc/arm-none-eabi/7.3.1/thumb/v7e-m/fpv4-sp/hard/crtn.o
OUTPUT(G431CB_Neopixel.elf elf32-littlearm)

.debug_info     0x0000000000000000    0x1dbea
 .debug_info    0x0000000000000000     0x2164 Core/Src/main.o
 .debug_info    0x0000000000002164     0x12b7 Core/Src/stm32g4xx_hal_msp.o
 .debug_info    0x000000000000341b      0xaf9 Core/Src/stm32g4xx_it.o
 .debug_info    0x0000000000003f14      0x6af Core/Src/system_stm32g4xx.o
 .debug_info    0x00000000000045c3     0x15ed Core/Src/ws2812.o
 .debug_info    0x0000000000005bb0       0x22 Core/Startup/startup_stm32g431cbux.o
 .debug_info    0x0000000000005bd2      0xbaa Drivers/STM32G4xx_HAL_Driver/Src/stm32g4xx_hal.o
 .debug_info    0x000000000000677c      0xebb Drivers/STM32G4xx_HAL_Driver/Src/stm32g4xx_hal_cortex.o
 .debug_info    0x0000000000007637      0xa07 Drivers/STM32G4xx_HAL_Driver/Src/stm32g4xx_hal_dma.o
 .debug_info    0x000000000000803e      0x969 Drivers/STM32G4xx_HAL_Driver/Src/stm32g4xx_hal_gpio.o
 .debug_info    0x00000000000089a7      0xf4e Drivers/STM32G4xx_HAL_Driver/Src/stm32g4xx_hal_pcd.o
 .debug_info    0x00000000000098f5      0x968 Drivers/STM32G4xx_HAL_Driver/Src/stm32g4xx_hal_pcd_ex.o
 .debug_info    0x000000000000a25d      0xa9c Drivers/STM32G4xx_HAL_Driver/Src/stm32g4xx_hal_pwr_ex.o
 .debug_info    0x000000000000acf9      0xca5 Drivers/STM32G4xx_HAL_Driver/Src/stm32g4xx_hal_rcc.o
 .debug_info    0x000000000000b99e      0xd92 Drivers/STM32G4xx_HAL_Driver/Src/stm32g4xx_hal_rcc_ex.o
 .debug_info    0x000000000000c730     0x17fd Drivers/STM32G4xx_HAL_Driver/Src/stm32g4xx_hal_spi.o
 .debug_info    0x000000000000df2d     0x2b5b Drivers/STM32G4xx_HAL_Driver/Src/stm32g4xx_hal_tim.o
 .debug_info    0x0000000000010a88     0x1ca9 Drivers/STM32G4xx_HAL_Driver/Src/stm32g4xx_hal_tim_ex.o
 .debug_info    0x0000000000012731     0x15ff Drivers/STM32G4xx_HAL_Driver/Src/stm32g4xx_ll_usb.o
 .debug_info    0x0000000000013d30     0x18af Middlewares/ST/STM32_USB_Device_Library/Class/CDC/Src/usbd_cdc.o
 .debug_info    0x00000000000155df     0x12c7 Middlewares/ST/STM32_USB_Device_Library/Core/Src/usbd_core.o
 .debug_info    0x00000000000168a6     0x1237 Middlewares/ST/STM32_USB_Device_Library/Core/Src/usbd_ctlreq.o
 .debug_info    0x0000000000017add     0x1028 Middlewares/ST/STM32_USB_Device_Library/Core/Src/usbd_ioreq.o
 .debug_info    0x0000000000018b05      0xf70 USB_Device/App/usb_device.o
 .debug_info    0x0000000000019a75     0x112b USB_Device/App/usbd_cdc_if.o
 .debug_info    0x000000000001aba0      0xe0c USB_Device/App/usbd_desc.o
 .debug_info    0x000000000001b9ac     0x223e USB_Device/Target/usbd_conf.o

.debug_abbrev   0x0000000000000000     0x3a5c
 .debug_abbrev  0x0000000000000000      0x309 Core/Src/main.o
 .debug_abbrev  0x0000000000000309      0x1fe Core/Src/stm32g4xx_hal_msp.o
 .debug_abbrev  0x0000000000000507      0x18c Core/Src/stm32g4xx_it.o
 .debug_abbrev  0x0000000000000693      0x147 Core/Src/system_stm32g4xx.o
 .debug_abbrev  0x00000000000007da      0x2ab Core/Src/ws2812.o
 .debug_abbrev  0x0000000000000a85       0x12 Core/Startup/startup_stm32g431cbux.o
 .debug_abbrev  0x0000000000000a97      0x1fb Drivers/STM32G4xx_HAL_Driver/Src/stm32g4xx_hal.o
 .debug_abbrev  0x0000000000000c92      0x2f1 Drivers/STM32G4xx_HAL_Driver/Src/stm32g4xx_hal_cortex.o
 .debug_abbrev  0x0000000000000f83      0x1d9 Drivers/STM32G4xx_HAL_Driver/Src/stm32g4xx_hal_dma.o
 .debug_abbrev  0x000000000000115c      0x1c0 Drivers/STM32G4xx_HAL_Driver/Src/stm32g4xx_hal_gpio.o
 .debug_abbrev  0x000000000000131c      0x27d Drivers/STM32G4xx_HAL_Driver/Src/stm32g4xx_hal_pcd.o
 .debug_abbrev  0x0000000000001599      0x1eb Drivers/STM32G4xx_HAL_Driver/Src/stm32g4xx_hal_pcd_ex.o
 .debug_abbrev  0x0000000000001784      0x1fd Drivers/STM32G4xx_HAL_Driver/Src/stm32g4xx_hal_pwr_ex.o
 .debug_abbrev  0x0000000000001981      0x245 Drivers/STM32G4xx_HAL_Driver/Src/stm32g4xx_hal_rcc.o
 .debug_abbrev  0x0000000000001bc6      0x204 Drivers/STM32G4xx_HAL_Driver/Src/stm32g4xx_hal_rcc_ex.o
 .debug_abbrev  0x0000000000001dca      0x228 Drivers/STM32G4xx_HAL_Driver/Src/stm32g4xx_hal_spi.o
 .debug_abbrev  0x0000000000001ff2      0x25b Drivers/STM32G4xx_HAL_Driver/Src/stm32g4xx_hal_tim.o
 .debug_abbrev  0x000000000000224d      0x261 Drivers/STM32G4xx_HAL_Driver/Src/stm32g4xx_hal_tim_ex.o
 .debug_abbrev  0x00000000000024ae      0x239 Drivers/STM32G4xx_HAL_Driver/Src/stm32g4xx_ll_usb.o
 .debug_abbrev  0x00000000000026e7      0x2b6 Middlewares/ST/STM32_USB_Device_Library/Class/CDC/Src/usbd_cdc.o
 .debug_abbrev  0x000000000000299d      0x270 Middlewares/ST/STM32_USB_Device_Library/Core/Src/usbd_core.o
 .debug_abbrev  0x0000000000002c0d      0x2a0 Middlewares/ST/STM32_USB_Device_Library/Core/Src/usbd_ctlreq.o
 .debug_abbrev  0x0000000000002ead      0x1e0 Middlewares/ST/STM32_USB_Device_Library/Core/Src/usbd_ioreq.o
 .debug_abbrev  0x000000000000308d      0x1be USB_Device/App/usb_device.o
 .debug_abbrev  0x000000000000324b      0x285 USB_Device/App/usbd_cdc_if.o
 .debug_abbrev  0x00000000000034d0      0x290 USB_Device/App/usbd_desc.o
 .debug_abbrev  0x0000000000003760      0x2fc USB_Device/Target/usbd_conf.o

.debug_aranges  0x0000000000000000     0x1648
 .debug_aranges
                0x0000000000000000       0x78 Core/Src/main.o
 .debug_aranges
                0x0000000000000078       0x60 Core/Src/stm32g4xx_hal_msp.o
 .debug_aranges
                0x00000000000000d8       0x88 Core/Src/stm32g4xx_it.o
 .debug_aranges
                0x0000000000000160       0x28 Core/Src/system_stm32g4xx.o
 .debug_aranges
                0x0000000000000188       0x68 Core/Src/ws2812.o
 .debug_aranges
                0x00000000000001f0       0x28 Core/Startup/startup_stm32g431cbux.o
 .debug_aranges
                0x0000000000000218      0x130 Drivers/STM32G4xx_HAL_Driver/Src/stm32g4xx_hal.o
 .debug_aranges
                0x0000000000000348      0x118 Drivers/STM32G4xx_HAL_Driver/Src/stm32g4xx_hal_cortex.o
 .debug_aranges
                0x0000000000000460       0x90 Drivers/STM32G4xx_HAL_Driver/Src/stm32g4xx_hal_dma.o
 .debug_aranges
                0x00000000000004f0       0x58 Drivers/STM32G4xx_HAL_Driver/Src/stm32g4xx_hal_gpio.o
 .debug_aranges
                0x0000000000000548      0x120 Drivers/STM32G4xx_HAL_Driver/Src/stm32g4xx_hal_pcd.o
 .debug_aranges
                0x0000000000000668       0x58 Drivers/STM32G4xx_HAL_Driver/Src/stm32g4xx_hal_pcd_ex.o
 .debug_aranges
                0x00000000000006c0      0x140 Drivers/STM32G4xx_HAL_Driver/Src/stm32g4xx_hal_pwr_ex.o
 .debug_aranges
                0x0000000000000800       0x98 Drivers/STM32G4xx_HAL_Driver/Src/stm32g4xx_hal_rcc.o
 .debug_aranges
                0x0000000000000898       0xb0 Drivers/STM32G4xx_HAL_Driver/Src/stm32g4xx_hal_rcc_ex.o
 .debug_aranges
                0x0000000000000948      0x1d8 Drivers/STM32G4xx_HAL_Driver/Src/stm32g4xx_hal_spi.o
 .debug_aranges
                0x0000000000000b20      0x3e0 Drivers/STM32G4xx_HAL_Driver/Src/stm32g4xx_hal_tim.o
 .debug_aranges
                0x0000000000000f00      0x240 Drivers/STM32G4xx_HAL_Driver/Src/stm32g4xx_hal_tim_ex.o
 .debug_aranges
                0x0000000000001140      0x108 Drivers/STM32G4xx_HAL_Driver/Src/stm32g4xx_ll_usb.o
 .debug_aranges
                0x0000000000001248       0x90 Middlewares/ST/STM32_USB_Device_Library/Class/CDC/Src/usbd_cdc.o
 .debug_aranges
                0x00000000000012d8       0xb8 Middlewares/ST/STM32_USB_Device_Library/Core/Src/usbd_core.o
 .debug_aranges
                0x0000000000001390       0x88 Middlewares/ST/STM32_USB_Device_Library/Core/Src/usbd_ctlreq.o
 .debug_aranges
                0x0000000000001418       0x50 Middlewares/ST/STM32_USB_Device_Library/Core/Src/usbd_ioreq.o
 .debug_aranges
                0x0000000000001468       0x20 USB_Device/App/usb_device.o
 .debug_aranges
                0x0000000000001488       0x40 USB_Device/App/usbd_cdc_if.o
 .debug_aranges
                0x00000000000014c8       0x60 USB_Device/App/usbd_desc.o
 .debug_aranges
                0x0000000000001528      0x120 USB_Device/Target/usbd_conf.o

.debug_ranges   0x0000000000000000     0x14a0
 .debug_ranges  0x0000000000000000       0x68 Core/Src/main.o
 .debug_ranges  0x0000000000000068       0x50 Core/Src/stm32g4xx_hal_msp.o
 .debug_ranges  0x00000000000000b8       0x78 Core/Src/stm32g4xx_it.o
 .debug_ranges  0x0000000000000130       0x18 Core/Src/system_stm32g4xx.o
 .debug_ranges  0x0000000000000148       0x58 Core/Src/ws2812.o
 .debug_ranges  0x00000000000001a0       0x20 Core/Startup/startup_stm32g431cbux.o
 .debug_ranges  0x00000000000001c0      0x120 Drivers/STM32G4xx_HAL_Driver/Src/stm32g4xx_hal.o
 .debug_ranges  0x00000000000002e0      0x108 Drivers/STM32G4xx_HAL_Driver/Src/stm32g4xx_hal_cortex.o
 .debug_ranges  0x00000000000003e8       0x80 Drivers/STM32G4xx_HAL_Driver/Src/stm32g4xx_hal_dma.o
 .debug_ranges  0x0000000000000468       0x48 Drivers/STM32G4xx_HAL_Driver/Src/stm32g4xx_hal_gpio.o
 .debug_ranges  0x00000000000004b0      0x110 Drivers/STM32G4xx_HAL_Driver/Src/stm32g4xx_hal_pcd.o
 .debug_ranges  0x00000000000005c0       0x48 Drivers/STM32G4xx_HAL_Driver/Src/stm32g4xx_hal_pcd_ex.o
 .debug_ranges  0x0000000000000608      0x130 Drivers/STM32G4xx_HAL_Driver/Src/stm32g4xx_hal_pwr_ex.o
 .debug_ranges  0x0000000000000738       0x88 Drivers/STM32G4xx_HAL_Driver/Src/stm32g4xx_hal_rcc.o
 .debug_ranges  0x00000000000007c0       0xa0 Drivers/STM32G4xx_HAL_Driver/Src/stm32g4xx_hal_rcc_ex.o
 .debug_ranges  0x0000000000000860      0x1c8 Drivers/STM32G4xx_HAL_Driver/Src/stm32g4xx_hal_spi.o
 .debug_ranges  0x0000000000000a28      0x3d0 Drivers/STM32G4xx_HAL_Driver/Src/stm32g4xx_hal_tim.o
 .debug_ranges  0x0000000000000df8      0x230 Drivers/STM32G4xx_HAL_Driver/Src/stm32g4xx_hal_tim_ex.o
 .debug_ranges  0x0000000000001028       0xf8 Drivers/STM32G4xx_HAL_Driver/Src/stm32g4xx_ll_usb.o
 .debug_ranges  0x0000000000001120       0x80 Middlewares/ST/STM32_USB_Device_Library/Class/CDC/Src/usbd_cdc.o
 .debug_ranges  0x00000000000011a0       0xa8 Middlewares/ST/STM32_USB_Device_Library/Core/Src/usbd_core.o
 .debug_ranges  0x0000000000001248       0x78 Middlewares/ST/STM32_USB_Device_Library/Core/Src/usbd_ctlreq.o
 .debug_ranges  0x00000000000012c0       0x40 Middlewares/ST/STM32_USB_Device_Library/Core/Src/usbd_ioreq.o
 .debug_ranges  0x0000000000001300       0x10 USB_Device/App/usb_device.o
 .debug_ranges  0x0000000000001310       0x30 USB_Device/App/usbd_cdc_if.o
 .debug_ranges  0x0000000000001340       0x50 USB_Device/App/usbd_desc.o
 .debug_ranges  0x0000000000001390      0x110 USB_Device/Target/usbd_conf.o

.debug_macro    0x0000000000000000    0x2144f
 .debug_macro   0x0000000000000000      0x418 Core/Src/main.o
 .debug_macro   0x0000000000000418      0xa5a Core/Src/main.o
 .debug_macro   0x0000000000000e72      0x161 Core/Src/main.o
 .debug_macro   0x0000000000000fd3       0x2e Core/Src/main.o
 .debug_macro   0x0000000000001001       0x28 Core/Src/main.o
 .debug_macro   0x0000000000001029       0x22 Core/Src/main.o
 .debug_macro   0x000000000000104b       0x8e Core/Src/main.o
 .debug_macro   0x00000000000010d9       0x51 Core/Src/main.o
 .debug_macro   0x000000000000112a       0xef Core/Src/main.o
 .debug_macro   0x0000000000001219       0x6a Core/Src/main.o
 .debug_macro   0x0000000000001283      0x1df Core/Src/main.o
 .debug_macro   0x0000000000001462       0x1c Core/Src/main.o
 .debug_macro   0x000000000000147e       0x22 Core/Src/main.o
 .debug_macro   0x00000000000014a0       0xdf Core/Src/main.o
 .debug_macro   0x000000000000157f     0x102d Core/Src/main.o
 .debug_macro   0x00000000000025ac      0x11f Core/Src/main.o
 .debug_macro   0x00000000000026cb    0x113a4 Core/Src/main.o
 .debug_macro   0x0000000000013a6f       0x43 Core/Src/main.o
 .debug_macro   0x0000000000013ab2     0x34d1 Core/Src/main.o
 .debug_macro   0x0000000000016f83      0x174 Core/Src/main.o
 .debug_macro   0x00000000000170f7       0x5a Core/Src/main.o
 .debug_macro   0x0000000000017151     0x13de Core/Src/main.o
 .debug_macro   0x000000000001852f      0x535 Core/Src/main.o
 .debug_macro   0x0000000000018a64      0x137 Core/Src/main.o
 .debug_macro   0x0000000000018b9b      0x289 Core/Src/main.o
 .debug_macro   0x0000000000018e24      0x41d Core/Src/main.o
 .debug_macro   0x0000000000019241      0x18b Core/Src/main.o
 .debug_macro   0x00000000000193cc       0x43 Core/Src/main.o
 .debug_macro   0x000000000001940f      0x23d Core/Src/main.o
 .debug_macro   0x000000000001964c      0x212 Core/Src/main.o
 .debug_macro   0x000000000001985e      0x401 Core/Src/main.o
 .debug_macro   0x0000000000019c5f      0x107 Core/Src/main.o
 .debug_macro   0x0000000000019d66       0x65 Core/Src/main.o
 .debug_macro   0x0000000000019dcb      0x234 Core/Src/main.o
 .debug_macro   0x0000000000019fff      0x122 Core/Src/main.o
 .debug_macro   0x000000000001a121      0x3d1 Core/Src/main.o
 .debug_macro   0x000000000001a4f2      0x2fe Core/Src/main.o
 .debug_macro   0x000000000001a7f0      0xbbe Core/Src/main.o
 .debug_macro   0x000000000001b3ae      0x47e Core/Src/main.o
 .debug_macro   0x000000000001b82c      0x307 Core/Src/main.o
 .debug_macro   0x000000000001bb33      0x20e Core/Src/main.o
 .debug_macro   0x000000000001bd41       0x1c Core/Src/main.o
 .debug_macro   0x000000000001bd5d       0x46 Core/Src/main.o
 .debug_macro   0x000000000001bda3       0x18 Core/Src/main.o
 .debug_macro   0x000000000001bdbb       0x3c Core/Src/main.o
 .debug_macro   0x000000000001bdf7       0x34 Core/Src/main.o
 .debug_macro   0x000000000001be2b       0x16 Core/Src/main.o
 .debug_macro   0x000000000001be41       0x35 Core/Src/main.o
 .debug_macro   0x000000000001be76      0x32a Core/Src/main.o
 .debug_macro   0x000000000001c1a0       0x10 Core/Src/main.o
 .debug_macro   0x000000000001c1b0       0x52 Core/Src/main.o
 .debug_macro   0x000000000001c202       0x1f Core/Src/main.o
 .debug_macro   0x000000000001c221       0x43 Core/Src/main.o
 .debug_macro   0x000000000001c264       0x20 Core/Src/main.o
 .debug_macro   0x000000000001c284      0x1a3 Core/Src/main.o
 .debug_macro   0x000000000001c427       0x10 Core/Src/main.o
 .debug_macro   0x000000000001c437       0x1c Core/Src/main.o
 .debug_macro   0x000000000001c453       0x52 Core/Src/main.o
 .debug_macro   0x000000000001c4a5       0x40 Core/Src/main.o
 .debug_macro   0x000000000001c4e5       0x10 Core/Src/main.o
 .debug_macro   0x000000000001c4f5       0x40 Core/Src/main.o
 .debug_macro   0x000000000001c535       0xd7 Core/Src/main.o
 .debug_macro   0x000000000001c60c       0x1c Core/Src/main.o
 .debug_macro   0x000000000001c628       0x3d Core/Src/main.o
 .debug_macro   0x000000000001c665       0x16 Core/Src/main.o
 .debug_macro   0x000000000001c67b      0x145 Core/Src/main.o
 .debug_macro   0x000000000001c7c0       0x16 Core/Src/main.o
 .debug_macro   0x000000000001c7d6       0x16 Core/Src/main.o
 .debug_macro   0x000000000001c7ec       0x29 Core/Src/main.o
 .debug_macro   0x000000000001c815       0x16 Core/Src/main.o
 .debug_macro   0x000000000001c82b       0x20 Core/Src/main.o
 .debug_macro   0x000000000001c84b       0x5f Core/Src/main.o
 .debug_macro   0x000000000001c8aa      0x1c2 Core/Src/main.o
 .debug_macro   0x000000000001ca6c       0xb8 Core/Src/main.o
 .debug_macro   0x000000000001cb24      0x20b Core/Src/stm32g4xx_hal_msp.o
 .debug_macro   0x000000000001cd2f      0x215 Core/Src/stm32g4xx_it.o
 .debug_macro   0x000000000001cf44      0x1f9 Core/Src/system_stm32g4xx.o
 .debug_macro   0x000000000001d13d      0x2f1 Core/Src/ws2812.o
 .debug_macro   0x000000000001d42e       0x10 Core/Src/ws2812.o
 .debug_macro   0x000000000001d43e      0x241 Drivers/STM32G4xx_HAL_Driver/Src/stm32g4xx_hal.o
 .debug_macro   0x000000000001d67f      0x1f3 Drivers/STM32G4xx_HAL_Driver/Src/stm32g4xx_hal_cortex.o
 .debug_macro   0x000000000001d872      0x1f3 Drivers/STM32G4xx_HAL_Driver/Src/stm32g4xx_hal_dma.o
 .debug_macro   0x000000000001da65      0x22b Drivers/STM32G4xx_HAL_Driver/Src/stm32g4xx_hal_gpio.o
 .debug_macro   0x000000000001dc90      0x1ff Drivers/STM32G4xx_HAL_Driver/Src/stm32g4xx_hal_pcd.o
 .debug_macro   0x000000000001de8f      0x1f3 Drivers/STM32G4xx_HAL_Driver/Src/stm32g4xx_hal_pcd_ex.o
 .debug_macro   0x000000000001e082      0x21d Drivers/STM32G4xx_HAL_Driver/Src/stm32g4xx_hal_pwr_ex.o
 .debug_macro   0x000000000001e29f      0x22f Drivers/STM32G4xx_HAL_Driver/Src/stm32g4xx_hal_rcc.o
 .debug_macro   0x000000000001e4ce      0x21d Drivers/STM32G4xx_HAL_Driver/Src/stm32g4xx_hal_rcc_ex.o
 .debug_macro   0x000000000001e6eb      0x1fb Drivers/STM32G4xx_HAL_Driver/Src/stm32g4xx_hal_spi.o
 .debug_macro   0x000000000001e8e6      0x1fb Drivers/STM32G4xx_HAL_Driver/Src/stm32g4xx_hal_tim.o
 .debug_macro   0x000000000001eae1      0x1f9 Drivers/STM32G4xx_HAL_Driver/Src/stm32g4xx_hal_tim_ex.o
 .debug_macro   0x000000000001ecda      0x1f3 Drivers/STM32G4xx_HAL_Driver/Src/stm32g4xx_ll_usb.o
 .debug_macro   0x000000000001eecd      0x400 Middlewares/ST/STM32_USB_Device_Library/Class/CDC/Src/usbd_cdc.o
 .debug_macro   0x000000000001f2cd       0x97 Middlewares/ST/STM32_USB_Device_Library/Class/CDC/Src/usbd_cdc.o
 .debug_macro   0x000000000001f364       0xfd Middlewares/ST/STM32_USB_Device_Library/Class/CDC/Src/usbd_cdc.o
 .debug_macro   0x000000000001f461       0xd9 Middlewares/ST/STM32_USB_Device_Library/Class/CDC/Src/usbd_cdc.o
 .debug_macro   0x000000000001f53a       0x54 Middlewares/ST/STM32_USB_Device_Library/Class/CDC/Src/usbd_cdc.o
 .debug_macro   0x000000000001f58e       0x8f Middlewares/ST/STM32_USB_Device_Library/Class/CDC/Src/usbd_cdc.o
 .debug_macro   0x000000000001f61d      0x3e7 Middlewares/ST/STM32_USB_Device_Library/Core/Src/usbd_core.o
 .debug_macro   0x000000000001fa04      0x1c8 Middlewares/ST/STM32_USB_Device_Library/Core/Src/usbd_core.o
 .debug_macro   0x000000000001fbcc      0x3f1 Middlewares/ST/STM32_USB_Device_Library/Core/Src/usbd_ctlreq.o
 .debug_macro   0x000000000001ffbd      0x3ed Middlewares/ST/STM32_USB_Device_Library/Core/Src/usbd_ioreq.o
 .debug_macro   0x00000000000203aa      0x427 USB_Device/App/usb_device.o
 .debug_macro   0x00000000000207d1       0x22 USB_Device/App/usb_device.o
 .debug_macro   0x00000000000207f3      0x412 USB_Device/App/usbd_cdc_if.o
 .debug_macro   0x0000000000020c05      0x424 USB_Device/App/usbd_desc.o
 .debug_macro   0x0000000000021029       0x1c USB_Device/App/usbd_desc.o
 .debug_macro   0x0000000000021045      0x40a USB_Device/Target/usbd_conf.o

.debug_line     0x0000000000000000    0x142a0
 .debug_line    0x0000000000000000      0xb6f Core/Src/main.o
 .debug_line    0x0000000000000b6f      0x838 Core/Src/stm32g4xx_hal_msp.o
 .debug_line    0x00000000000013a7      0x835 Core/Src/stm32g4xx_it.o
 .debug_line    0x0000000000001bdc      0x73c Core/Src/system_stm32g4xx.o
 .debug_line    0x0000000000002318      0x9d6 Core/Src/ws2812.o
 .debug_line    0x0000000000002cee       0x89 Core/Startup/startup_stm32g431cbux.o
 .debug_line    0x0000000000002d77      0x9c1 Drivers/STM32G4xx_HAL_Driver/Src/stm32g4xx_hal.o
 .debug_line    0x0000000000003738      0xa77 Drivers/STM32G4xx_HAL_Driver/Src/stm32g4xx_hal_cortex.o
 .debug_line    0x00000000000041af      0x9ba Drivers/STM32G4xx_HAL_Driver/Src/stm32g4xx_hal_dma.o
 .debug_line    0x0000000000004b69      0x8f5 Drivers/STM32G4xx_HAL_Driver/Src/stm32g4xx_hal_gpio.o
 .debug_line    0x000000000000545e      0xc01 Drivers/STM32G4xx_HAL_Driver/Src/stm32g4xx_hal_pcd.o
 .debug_line    0x000000000000605f      0x818 Drivers/STM32G4xx_HAL_Driver/Src/stm32g4xx_hal_pcd_ex.o
 .debug_line    0x0000000000006877      0xadc Drivers/STM32G4xx_HAL_Driver/Src/stm32g4xx_hal_pwr_ex.o
 .debug_line    0x0000000000007353      0xa30 Drivers/STM32G4xx_HAL_Driver/Src/stm32g4xx_hal_rcc.o
 .debug_line    0x0000000000007d83      0xbda Drivers/STM32G4xx_HAL_Driver/Src/stm32g4xx_hal_rcc_ex.o
 .debug_line    0x000000000000895d     0x11d7 Drivers/STM32G4xx_HAL_Driver/Src/stm32g4xx_hal_spi.o
 .debug_line    0x0000000000009b34     0x26e1 Drivers/STM32G4xx_HAL_Driver/Src/stm32g4xx_hal_tim.o
 .debug_line    0x000000000000c215     0x1762 Drivers/STM32G4xx_HAL_Driver/Src/stm32g4xx_hal_tim_ex.o
 .debug_line    0x000000000000d977      0xc2e Drivers/STM32G4xx_HAL_Driver/Src/stm32g4xx_ll_usb.o
 .debug_line    0x000000000000e5a5      0xc0a Middlewares/ST/STM32_USB_Device_Library/Class/CDC/Src/usbd_cdc.o
 .debug_line    0x000000000000f1af      0xc45 Middlewares/ST/STM32_USB_Device_Library/Core/Src/usbd_core.o
 .debug_line    0x000000000000fdf4      0xcd3 Middlewares/ST/STM32_USB_Device_Library/Core/Src/usbd_ctlreq.o
 .debug_line    0x0000000000010ac7      0xaae Middlewares/ST/STM32_USB_Device_Library/Core/Src/usbd_ioreq.o
 .debug_line    0x0000000000011575      0xa90 USB_Device/App/usb_device.o
 .debug_line    0x0000000000012005      0xac3 USB_Device/App/usbd_cdc_if.o
 .debug_line    0x0000000000012ac8      0xae2 USB_Device/App/usbd_desc.o
 .debug_line    0x00000000000135aa      0xcf6 USB_Device/Target/usbd_conf.o

.debug_str      0x0000000000000000    0xc7e4b
 .debug_str     0x0000000000000000    0xc253a Core/Src/main.o
                                      0xc29e4 (size before relaxing)
 .debug_str     0x00000000000c253a      0x135 Core/Src/stm32g4xx_hal_msp.o
                                      0xbcf5b (size before relaxing)
 .debug_str     0x00000000000c266f      0x3f4 Core/Src/stm32g4xx_it.o
                                      0xbcb60 (size before relaxing)
 .debug_str     0x00000000000c2a63       0xc6 Core/Src/system_stm32g4xx.o
                                      0xbb9bc (size before relaxing)
 .debug_str     0x00000000000c2b29      0x11b Core/Src/ws2812.o
                                      0xc0022 (size before relaxing)
 .debug_str     0x00000000000c2c44       0x77 Core/Startup/startup_stm32g431cbux.o
 .debug_str     0x00000000000c2cbb      0x591 Drivers/STM32G4xx_HAL_Driver/Src/stm32g4xx_hal.o
                                      0xbc47a (size before relaxing)
 .debug_str     0x00000000000c324c      0x3cf Drivers/STM32G4xx_HAL_Driver/Src/stm32g4xx_hal_cortex.o
                                      0xbc18f (size before relaxing)
 .debug_str     0x00000000000c361b      0x2d3 Drivers/STM32G4xx_HAL_Driver/Src/stm32g4xx_hal_dma.o
                                      0xbbd88 (size before relaxing)
 .debug_str     0x00000000000c38ee      0x21c Drivers/STM32G4xx_HAL_Driver/Src/stm32g4xx_hal_gpio.o
                                      0xbbc37 (size before relaxing)
 .debug_str     0x00000000000c3b0a      0x387 Drivers/STM32G4xx_HAL_Driver/Src/stm32g4xx_hal_pcd.o
                                      0xbbf14 (size before relaxing)
 .debug_str     0x00000000000c3e91      0x1c6 Drivers/STM32G4xx_HAL_Driver/Src/stm32g4xx_hal_pcd_ex.o
                                      0xbbd3d (size before relaxing)
 .debug_str     0x00000000000c4057      0x476 Drivers/STM32G4xx_HAL_Driver/Src/stm32g4xx_hal_pwr_ex.o
                                      0xbbead (size before relaxing)
 .debug_str     0x00000000000c44cd      0x3ab Drivers/STM32G4xx_HAL_Driver/Src/stm32g4xx_hal_rcc.o
                                      0xbbf43 (size before relaxing)
 .debug_str     0x00000000000c4878      0x3f2 Drivers/STM32G4xx_HAL_Driver/Src/stm32g4xx_hal_rcc_ex.o
                                      0xbc05c (size before relaxing)
 .debug_str     0x00000000000c4c6a      0x566 Drivers/STM32G4xx_HAL_Driver/Src/stm32g4xx_hal_spi.o
                                      0xbc269 (size before relaxing)
 .debug_str     0x00000000000c51d0      0xe1e Drivers/STM32G4xx_HAL_Driver/Src/stm32g4xx_hal_tim.o
                                      0xbcd86 (size before relaxing)
 .debug_str     0x00000000000c5fee      0x971 Drivers/STM32G4xx_HAL_Driver/Src/stm32g4xx_hal_tim_ex.o
                                      0xbca43 (size before relaxing)
 .debug_str     0x00000000000c695f      0x309 Drivers/STM32G4xx_HAL_Driver/Src/stm32g4xx_ll_usb.o
                                      0xbbd5a (size before relaxing)
 .debug_str     0x00000000000c6c68      0x8d1 Middlewares/ST/STM32_USB_Device_Library/Class/CDC/Src/usbd_cdc.o
                                      0xc103a (size before relaxing)
 .debug_str     0x00000000000c7539      0x1b5 Middlewares/ST/STM32_USB_Device_Library/Core/Src/usbd_core.o
                                      0xc0942 (size before relaxing)
 .debug_str     0x00000000000c76ee      0x134 Middlewares/ST/STM32_USB_Device_Library/Core/Src/usbd_ctlreq.o
                                      0xc08c8 (size before relaxing)
 .debug_str     0x00000000000c7822       0xc9 Middlewares/ST/STM32_USB_Device_Library/Core/Src/usbd_ioreq.o
                                      0xc0850 (size before relaxing)
 .debug_str     0x00000000000c78eb       0xed USB_Device/App/usb_device.o
                                      0xc0b8c (size before relaxing)
 .debug_str     0x00000000000c79d8       0xb2 USB_Device/App/usbd_cdc_if.o
                                      0xc0bef (size before relaxing)
 .debug_str     0x00000000000c7a8a      0x254 USB_Device/App/usbd_desc.o
                                      0xc07b8 (size before relaxing)
 .debug_str     0x00000000000c7cde      0x16d USB_Device/Target/usbd_conf.o
                                      0xc1740 (size before relaxing)

.comment        0x0000000000000000       0x7b
 .comment       0x0000000000000000       0x7b Core/Src/main.o
                                         0x7c (size before relaxing)
 .comment       0x000000000000007b       0x7c Core/Src/stm32g4xx_hal_msp.o
 .comment       0x000000000000007b       0x7c Core/Src/stm32g4xx_it.o
 .comment       0x000000000000007b       0x7c Core/Src/system_stm32g4xx.o
 .comment       0x000000000000007b       0x7c Core/Src/ws2812.o
 .comment       0x000000000000007b       0x7c Drivers/STM32G4xx_HAL_Driver/Src/stm32g4xx_hal.o
 .comment       0x000000000000007b       0x7c Drivers/STM32G4xx_HAL_Driver/Src/stm32g4xx_hal_cortex.o
 .comment       0x000000000000007b       0x7c Drivers/STM32G4xx_HAL_Driver/Src/stm32g4xx_hal_dma.o
 .comment       0x000000000000007b       0x7c Drivers/STM32G4xx_HAL_Driver/Src/stm32g4xx_hal_gpio.o
 .comment       0x000000000000007b       0x7c Drivers/STM32G4xx_HAL_Driver/Src/stm32g4xx_hal_pcd.o
 .comment       0x000000000000007b       0x7c Drivers/STM32G4xx_HAL_Driver/Src/stm32g4xx_hal_pcd_ex.o
 .comment       0x000000000000007b       0x7c Drivers/STM32G4xx_HAL_Driver/Src/stm32g4xx_hal_pwr_ex.o
 .comment       0x000000000000007b       0x7c Drivers/STM32G4xx_HAL_Driver/Src/stm32g4xx_hal_rcc.o
 .comment       0x000000000000007b       0x7c Drivers/STM32G4xx_HAL_Driver/Src/stm32g4xx_hal_rcc_ex.o
 .comment       0x000000000000007b       0x7c Drivers/STM32G4xx_HAL_Driver/Src/stm32g4xx_hal_spi.o
 .comment       0x000000000000007b       0x7c Drivers/STM32G4xx_HAL_Driver/Src/stm32g4xx_hal_tim.o
 .comment       0x000000000000007b       0x7c Drivers/STM32G4xx_HAL_Driver/Src/stm32g4xx_hal_tim_ex.o
 .comment       0x000000000000007b       0x7c Drivers/STM32G4xx_HAL_Driver/Src/stm32g4xx_ll_usb.o
 .comment       0x000000000000007b       0x7c Middlewares/ST/STM32_USB_Device_Library/Class/CDC/Src/usbd_cdc.o
 .comment       0x000000000000007b       0x7c Middlewares/ST/STM32_USB_Device_Library/Core/Src/usbd_core.o
 .comment       0x000000000000007b       0x7c Middlewares/ST/STM32_USB_Device_Library/Core/Src/usbd_ctlreq.o
 .comment       0x000000000000007b       0x7c Middlewares/ST/STM32_USB_Device_Library/Core/Src/usbd_ioreq.o
 .comment       0x000000000000007b       0x7c USB_Device/App/usb_device.o
 .comment       0x000000000000007b       0x7c USB_Device/App/usbd_cdc_if.o
 .comment       0x000000000000007b       0x7c USB_Device/App/usbd_desc.o
 .comment       0x000000000000007b       0x7c USB_Device/Target/usbd_conf.o

.debug_frame    0x0000000000000000     0x5cf8
 .debug_frame   0x0000000000000000      0x1b4 Core/Src/main.o
 .debug_frame   0x00000000000001b4      0x150 Core/Src/stm32g4xx_hal_msp.o
 .debug_frame   0x0000000000000304      0x198 Core/Src/stm32g4xx_it.o
 .debug_frame   0x000000000000049c       0x58 Core/Src/system_stm32g4xx.o
 .debug_frame   0x00000000000004f4      0x188 Core/Src/ws2812.o
 .debug_frame   0x000000000000067c      0x4a0 Drivers/STM32G4xx_HAL_Driver/Src/stm32g4xx_hal.o
 .debug_frame   0x0000000000000b1c      0x498 Drivers/STM32G4xx_HAL_Driver/Src/stm32g4xx_hal_cortex.o
 .debug_frame   0x0000000000000fb4      0x24c Drivers/STM32G4xx_HAL_Driver/Src/stm32g4xx_hal_dma.o
 .debug_frame   0x0000000000001200      0x14c Drivers/STM32G4xx_HAL_Driver/Src/stm32g4xx_hal_gpio.o
 .debug_frame   0x000000000000134c      0x504 Drivers/STM32G4xx_HAL_Driver/Src/stm32g4xx_hal_pcd.o
 .debug_frame   0x0000000000001850      0x14c Drivers/STM32G4xx_HAL_Driver/Src/stm32g4xx_hal_pcd_ex.o
 .debug_frame   0x000000000000199c      0x4fc Drivers/STM32G4xx_HAL_Driver/Src/stm32g4xx_hal_pwr_ex.o
 .debug_frame   0x0000000000001e98      0x23c Drivers/STM32G4xx_HAL_Driver/Src/stm32g4xx_hal_rcc.o
 .debug_frame   0x00000000000020d4      0x2ac Drivers/STM32G4xx_HAL_Driver/Src/stm32g4xx_hal_rcc_ex.o
 .debug_frame   0x0000000000002380      0x860 Drivers/STM32G4xx_HAL_Driver/Src/stm32g4xx_hal_spi.o
 .debug_frame   0x0000000000002be0     0x121c Drivers/STM32G4xx_HAL_Driver/Src/stm32g4xx_hal_tim.o
 .debug_frame   0x0000000000003dfc      0xa68 Drivers/STM32G4xx_HAL_Driver/Src/stm32g4xx_hal_tim_ex.o
 .debug_frame   0x0000000000004864      0x4d8 Drivers/STM32G4xx_HAL_Driver/Src/stm32g4xx_ll_usb.o
 .debug_frame   0x0000000000004d3c      0x248 Middlewares/ST/STM32_USB_Device_Library/Class/CDC/Src/usbd_cdc.o
 .debug_frame   0x0000000000004f84      0x300 Middlewares/ST/STM32_USB_Device_Library/Core/Src/usbd_core.o
 .debug_frame   0x0000000000005284      0x218 Middlewares/ST/STM32_USB_Device_Library/Core/Src/usbd_ctlreq.o
 .debug_frame   0x000000000000549c      0x10c Middlewares/ST/STM32_USB_Device_Library/Core/Src/usbd_ioreq.o
 .debug_frame   0x00000000000055a8       0x2c USB_Device/App/usb_device.o
 .debug_frame   0x00000000000055d4       0xbc USB_Device/App/usbd_cdc_if.o
 .debug_frame   0x0000000000005690      0x160 USB_Device/App/usbd_desc.o
 .debug_frame   0x00000000000057f0      0x4bc USB_Device/Target/usbd_conf.o