main.c:92:5:main	80	static
main.c:182:6:SystemClock_Config	152	static
main.c:235:13:MX_SPI1_Init	8	static
main.c:275:13:MX_TIM2_Init	48	static
main.c:324:13:MX_TIM17_Init	88	static
main.c:385:13:MX_DMA_Init	24	static
main.c:414:13:MX_GPIO_Init	48	static
main.c:447:6:delay	16	static
main.c:452:10:millis	8	static
main.c:463:5:rotateLeft	24	static
main.c:493:5:rotateRight	24	static
main.c:526:6:StartDefaultTask	64	static
main.c:605:6:StartTask02	48	static
main.c:667:6:StartTask03	24	static
main.c:696:6:HAL_TIM_PeriodElapsedCallback	16	static
main.c:713:6:Error_Handler	4	static
