main.c:93:5:main	80	static
main.c:184:6:SystemClock_Config	152	static
main.c:237:13:MX_SPI1_Init	8	static
main.c:277:13:MX_TIM2_Init	48	static
main.c:326:13:MX_TIM17_Init	88	static
main.c:387:13:MX_DMA_Init	24	static
main.c:416:13:MX_GPIO_Init	48	static
main.c:449:6:delay	16	static
main.c:454:10:millis	8	static
main.c:465:5:rotateLeft	24	static
main.c:495:5:rotateRight	24	static
main.c:528:6:StartBreak_Task	64	static
main.c:616:6:StartRainBow_Task	48	static
main.c:678:6:StartAS504X_Task	32	static
main.c:714:6:HAL_TIM_PeriodElapsedCallback	16	static
main.c:731:6:Error_Handler	4	static
