stm32g4xx_it.c:78:6:NMI_Handler	4	static
stm32g4xx_it.c:91:6:HardFault_Handler	4	static
stm32g4xx_it.c:106:6:MemManage_Handler	4	static
stm32g4xx_it.c:121:6:BusFault_Handler	4	static
stm32g4xx_it.c:136:6:UsageFault_Handler	4	static
stm32g4xx_it.c:151:6:DebugMon_Handler	4	static
stm32g4xx_it.c:171:6:DMA1_Channel1_IRQHandler	8	static
stm32g4xx_it.c:185:6:DMA1_Channel2_IRQHandler	8	static
stm32g4xx_it.c:199:6:USB_LP_IRQHandler	8	static
stm32g4xx_it.c:213:6:TIM1_UP_TIM16_IRQHandler	8	static
stm32g4xx_it.c:227:6:DMA2_Channel1_IRQHandler	8	static
stm32g4xx_it.c:241:6:DMA2_Channel2_IRQHandler	8	static
